Component: ARM Compiler 5.06 update 5 (build 528) Tool: armlink [4d35e2]

==============================================================================

Section Cross References

    startup_stm32f103xb.o(RESET) refers to startup_stm32f103xb.o(STACK) for __initial_sp
    startup_stm32f103xb.o(RESET) refers to startup_stm32f103xb.o(.text) for Reset_Handler
    startup_stm32f103xb.o(RESET) refers to stm32f1xx_it.o(i.NMI_Handler) for NMI_Handler
    startup_stm32f103xb.o(RESET) refers to stm32f1xx_it.o(i.HardFault_Handler) for HardFault_Handler
    startup_stm32f103xb.o(RESET) refers to stm32f1xx_it.o(i.MemManage_Handler) for MemManage_Handler
    startup_stm32f103xb.o(RESET) refers to stm32f1xx_it.o(i.BusFault_Handler) for BusFault_Handler
    startup_stm32f103xb.o(RESET) refers to stm32f1xx_it.o(i.UsageFault_Handler) for UsageFault_Handler
    startup_stm32f103xb.o(RESET) refers to port.o(.emb_text) for SVC_Handler
    startup_stm32f103xb.o(RESET) refers to stm32f1xx_it.o(i.DebugMon_Handler) for DebugMon_Handler
    startup_stm32f103xb.o(RESET) refers to cmsis_os2.o(i.SysTick_Handler) for SysTick_Handler
    startup_stm32f103xb.o(RESET) refers to stm32f1xx_it.o(i.TIM1_UP_IRQHandler) for TIM1_UP_IRQHandler
    startup_stm32f103xb.o(RESET) refers to stm32f1xx_it.o(i.TIM3_IRQHandler) for TIM3_IRQHandler
    startup_stm32f103xb.o(RESET) refers to stm32f1xx_it.o(i.USART1_IRQHandler) for USART1_IRQHandler
    startup_stm32f103xb.o(.text) refers to system_stm32f1xx.o(i.SystemInit) for SystemInit
    startup_stm32f103xb.o(.text) refers to entry.o(.ARM.Collect$$$$00000000) for __main
    main.o(i.HAL_TIM_PeriodElapsedCallback) refers to stm32f1xx_hal.o(i.HAL_IncTick) for HAL_IncTick
    main.o(i.HAL_UART_RxCpltCallback) refers to stm32f1xx_hal_uart.o(i.HAL_UART_Receive_IT) for HAL_UART_Receive_IT
    main.o(i.HAL_UART_RxCpltCallback) refers to main.o(.data) for .data
    main.o(i.HAL_UART_RxCpltCallback) refers to usart.o(.bss) for huart1
    main.o(i.Light_Set) refers to stm32f1xx_hal_gpio.o(i.HAL_GPIO_WritePin) for HAL_GPIO_WritePin
    main.o(i.Motor_SetLevel) refers to stm32f1xx_hal_gpio.o(i.HAL_GPIO_WritePin) for HAL_GPIO_WritePin
    main.o(i.Motor_SetLevel) refers to tim.o(.bss) for htim3
    main.o(i.SystemClock_Config) refers to memseta.o(.text) for __aeabi_memclr4
    main.o(i.SystemClock_Config) refers to stm32f1xx_hal_rcc.o(i.HAL_RCC_OscConfig) for HAL_RCC_OscConfig
    main.o(i.SystemClock_Config) refers to stm32f1xx_hal_rcc.o(i.HAL_RCC_ClockConfig) for HAL_RCC_ClockConfig
    main.o(i.main) refers to stm32f1xx_hal.o(i.HAL_Init) for HAL_Init
    main.o(i.main) refers to main.o(i.SystemClock_Config) for SystemClock_Config
    main.o(i.main) refers to gpio.o(i.MX_GPIO_Init) for MX_GPIO_Init
    main.o(i.main) refers to tim.o(i.MX_TIM2_Init) for MX_TIM2_Init
    main.o(i.main) refers to tim.o(i.MX_TIM3_Init) for MX_TIM3_Init
    main.o(i.main) refers to usart.o(i.MX_USART1_UART_Init) for MX_USART1_UART_Init
    main.o(i.main) refers to cmsis_os2.o(i.osKernelInitialize) for osKernelInitialize
    main.o(i.main) refers to freertos.o(i.MX_FREERTOS_Init) for MX_FREERTOS_Init
    main.o(i.main) refers to cmsis_os2.o(i.osKernelStart) for osKernelStart
    gpio.o(i.MX_GPIO_Init) refers to stm32f1xx_hal_gpio.o(i.HAL_GPIO_WritePin) for HAL_GPIO_WritePin
    gpio.o(i.MX_GPIO_Init) refers to stm32f1xx_hal_gpio.o(i.HAL_GPIO_Init) for HAL_GPIO_Init
    freertos.o(i.AutoLogicTaskEntry) refers to cmsis_os2.o(i.osMutexAcquire) for osMutexAcquire
    freertos.o(i.AutoLogicTaskEntry) refers to cmsis_os2.o(i.osMutexRelease) for osMutexRelease
    freertos.o(i.AutoLogicTaskEntry) refers to cmsis_os2.o(i.osDelay) for osDelay
    freertos.o(i.AutoLogicTaskEntry) refers to main.o(.data) for data_mutex
    freertos.o(i.DeviceCtrlTaskEntry) refers to stm32f1xx_hal_tim.o(i.HAL_TIM_PWM_Start) for HAL_TIM_PWM_Start
    freertos.o(i.DeviceCtrlTaskEntry) refers to cmsis_os2.o(i.osMutexAcquire) for osMutexAcquire
    freertos.o(i.DeviceCtrlTaskEntry) refers to cmsis_os2.o(i.osMutexRelease) for osMutexRelease
    freertos.o(i.DeviceCtrlTaskEntry) refers to main.o(i.Motor_SetLevel) for Motor_SetLevel
    freertos.o(i.DeviceCtrlTaskEntry) refers to main.o(i.Light_Set) for Light_Set
    freertos.o(i.DeviceCtrlTaskEntry) refers to cmsis_os2.o(i.osDelay) for osDelay
    freertos.o(i.DeviceCtrlTaskEntry) refers to tim.o(.bss) for htim3
    freertos.o(i.DeviceCtrlTaskEntry) refers to main.o(.data) for data_mutex
    freertos.o(i.DeviceCtrlTaskEntry) refers to main.o(.data) for g_ctrl
    freertos.o(i.MX_FREERTOS_Init) refers to cmsis_os2.o(i.osMutexNew) for osMutexNew
    freertos.o(i.MX_FREERTOS_Init) refers to cmsis_os2.o(i.osThreadNew) for osThreadNew
    freertos.o(i.MX_FREERTOS_Init) refers to main.o(.data) for oled_mutex
    freertos.o(i.MX_FREERTOS_Init) refers to main.o(.data) for data_mutex
    freertos.o(i.MX_FREERTOS_Init) refers to freertos.o(.constdata) for .constdata
[...]
    i.SysTick_Handler                        0x0800256c   Section        0  cmsis_os2.o(i.SysTick_Handler)
    i.SystemClock_Config                     0x08002586   Section        0  main.o(i.SystemClock_Config)
    i.SystemInit                             0x080025e4   Section        0  system_stm32f1xx.o(i.SystemInit)
    i.TIM1_UP_IRQHandler                     0x080025e8   Section        0  stm32f1xx_it.o(i.TIM1_UP_IRQHandler)
    i.TIM3_IRQHandler                        0x080025f4   Section        0  stm32f1xx_it.o(i.TIM3_IRQHandler)
    i.TIM_Base_SetConfig                     0x08002600   Section        0  stm32f1xx_hal_tim.o(i.TIM_Base_SetConfig)
    i.TIM_CCxChannelCmd                      0x08002678   Section        0  stm32f1xx_hal_tim.o(i.TIM_CCxChannelCmd)
    i.TIM_ETR_SetConfig                      0x08002692   Section        0  stm32f1xx_hal_tim.o(i.TIM_ETR_SetConfig)
    i.TIM_ITRx_SetConfig                     0x080026a6   Section        0  stm32f1xx_hal_tim.o(i.TIM_ITRx_SetConfig)
    TIM_ITRx_SetConfig                       0x080026a7   Thumb Code    16  stm32f1xx_hal_tim.o(i.TIM_ITRx_SetConfig)
    i.TIM_OC1_SetConfig                      0x080026b8   Section        0  stm32f1xx_hal_tim.o(i.TIM_OC1_SetConfig)
    TIM_OC1_SetConfig                        0x080026b9   Thumb Code    74  stm32f1xx_hal_tim.o(i.TIM_OC1_SetConfig)
    i.TIM_OC2_SetConfig                      0x08002708   Section        0  stm32f1xx_hal_tim.o(i.TIM_OC2_SetConfig)
    i.TIM_OC3_SetConfig                      0x08002760   Section        0  stm32f1xx_hal_tim.o(i.TIM_OC3_SetConfig)
    TIM_OC3_SetConfig                        0x08002761   Thumb Code    82  stm32f1xx_hal_tim.o(i.TIM_OC3_SetConfig)
    i.TIM_OC4_SetConfig                      0x080027b8   Section        0  stm32f1xx_hal_tim.o(i.TIM_OC4_SetConfig)
    TIM_OC4_SetConfig                        0x080027b9   Thumb Code    64  stm32f1xx_hal_tim.o(i.TIM_OC4_SetConfig)
    i.TIM_TI1_ConfigInputStage               0x080027fc   Section        0  stm32f1xx_hal_tim.o(i.TIM_TI1_ConfigInputStage)
    TIM_TI1_ConfigInputStage                 0x080027fd   Thumb Code    34  stm32f1xx_hal_tim.o(i.TIM_TI1_ConfigInputStage)
    i.TIM_TI2_ConfigInputStage               0x0800281e   Section        0  stm32f1xx_hal_tim.o(i.TIM_TI2_ConfigInputStage)
    TIM_TI2_ConfigInputStage                 0x0800281f   Thumb Code    36  stm32f1xx_hal_tim.o(i.TIM_TI2_ConfigInputStage)
    i.UART_DMAAbortOnError                   0x08002842   Section        0  stm32f1xx_hal_uart.o(i.UART_DMAAbortOnError)
    UART_DMAAbortOnError                     0x08002843   Thumb Code    16  stm32f1xx_hal_uart.o(i.UART_DMAAbortOnError)
    i.UART_EndRxTransfer                     0x08002852   Section        0  stm32f1xx_hal_uart.o(i.UART_EndRxTransfer)
    UART_EndRxTransfer                       0x08002853   Thumb Code    78  stm32f1xx_hal_uart.o(i.UART_EndRxTransfer)
    i.UART_Receive_IT                        0x080028a0   Section        0  stm32f1xx_hal_uart.o(i.UART_Receive_IT)
    UART_Receive_IT                          0x080028a1   Thumb Code   194  stm32f1xx_hal_uart.o(i.UART_Receive_IT)
    i.UART_SetConfig                         0x08002964   Section        0  stm32f1xx_hal_uart.o(i.UART_SetConfig)
    UART_SetConfig                           0x08002965   Thumb Code   178  stm32f1xx_hal_uart.o(i.UART_SetConfig)
    i.UART_Start_Receive_IT                  0x08002a1c   Section        0  stm32f1xx_hal_uart.o(i.UART_Start_Receive_IT)
    i.USART1_IRQHandler                      0x08002a54   Section        0  stm32f1xx_it.o(i.USART1_IRQHandler)
    i.UsageFault_Handler                     0x08002a60   Section        0  stm32f1xx_it.o(i.UsageFault_Handler)
    i.VoiceTaskEntry                         0x08002a64   Section        0  freertos.o(i.VoiceTaskEntry)
    i.__0sprintf                             0x08002af4   Section        0  printfa.o(i.__0sprintf)
    i.__NVIC_SetPriority                     0x08002b1c   Section        0  stm32f1xx_hal_cortex.o(i.__NVIC_SetPriority)
    __NVIC_SetPriority                       0x08002b1d   Thumb Code    32  stm32f1xx_hal_cortex.o(i.__NVIC_SetPriority)
    i.__scatterload_copy                     0x08002b3c   Section       14  handlers.o(i.__scatterload_copy)
    i.__scatterload_null                     0x08002b4a   Section        2  handlers.o(i.__scatterload_null)
    i.__scatterload_zeroinit                 0x08002b4c   Section       14  handlers.o(i.__scatterload_zeroinit)
    i._fp_digits                             0x08002b5c   Section        0  printfa.o(i._fp_digits)
    _fp_digits                               0x08002b5d   Thumb Code   366  printfa.o(i._fp_digits)
    i._printf_core                           0x08002ce0   Section        0  printfa.o(i._printf_core)
    _printf_core                             0x08002ce1   Thumb Code  1744  printfa.o(i._printf_core)
    i._printf_post_padding                   0x080033bc   Section        0  printfa.o(i._printf_post_padding)
    _printf_post_padding                     0x080033bd   Thumb Code    36  printfa.o(i._printf_post_padding)
    i._printf_pre_padding                    0x080033e0   Section        0  printfa.o(i._printf_pre_padding)
    _printf_pre_padding                      0x080033e1   Thumb Code    46  printfa.o(i._printf_pre_padding)
    i._sputc                                 0x0800340e   Section        0  printfa.o(i._sputc)
    _sputc                                   0x0800340f   Thumb Code    10  printfa.o(i._sputc)
    i.bsp_delay_us                           0x08003418   Section        0  bsp_dht11.o(i.bsp_delay_us)
    i.main                                   0x08003440   Section        0  main.o(i.main)
    i.osDelay                                0x08003466   Section        0  cmsis_os2.o(i.osDelay)
    i.osKernelInitialize                     0x08003480   Section        0  cmsis_os2.o(i.osKernelInitialize)
    i.osKernelStart                          0x080034a4   Section        0  cmsis_os2.o(i.osKernelStart)
    i.osMutexAcquire                         0x080034dc   Section        0  cmsis_os2.o(i.osMutexAcquire)
    i.osMutexNew                             0x0800352e   Section        0  cmsis_os2.o(i.osMutexNew)
    i.osMutexRelease                         0x08003596   Section        0  cmsis_os2.o(i.osMutexRelease)
    i.osThreadNew                            0x080035d8   Section        0  cmsis_os2.o(i.osThreadNew)
    i.prvAddCurrentTaskToDelayedList         0x08003664   Section        0  tasks.o(i.prvAddCurrentTaskToDelayedList)
    prvAddCurrentTaskToDelayedList           0x08003665   Thumb Code    84  tasks.o(i.prvAddCurrentTaskToDelayedList)
    i.prvAddNewTaskToReadyList               0x080036c0   Section        0  tasks.o(i.prvAddNewTaskToReadyList)
    prvAddNewTaskToReadyList                 0x080036c1   Thumb Code   190  tasks.o(i.prvAddNewTaskToReadyList)
    i.prvCheckForValidListAndQueue           0x08003790   Section        0  timers.o(i.prvCheckForValidListAndQueue)
    prvCheckForValidListAndQueue             0x08003791   Thumb Code    72  timers.o(i.prvCheckForValidListAndQueue)
    i.prvCopyDataFromQueue                   0x080037e8   Section        0  queue.o(i.prvCopyDataFromQueue)
    prvCopyDataFromQueue                     0x080037e9   Thumb Code    38  queue.o(i.prvCopyDataFromQueue)
    i.prvCopyDataToQueue                     0x0800380e   Section        0  queue.o(i.prvCopyDataToQueue)
    prvCopyDataToQueue                       0x0800380f   Thumb Code   108  queue.o(i.prvCopyDataToQueue)
    i.prvDeleteTCB                           0x0800387a   Section        0  tasks.o(i.prvDeleteTCB)
    prvDeleteTCB                             0x0800387b   Thumb Code    52  tasks.o(i.prvDeleteTCB)
    i.prvHeapInit                            0x080038b0   Section        0  heap_4.o(i.prvHeapInit)
    prvHeapInit                              0x080038b1   Thumb Code    66  heap_4.o(i.prvHeapInit)
    i.prvIdleTask                            0x080038fc   Section        0  tasks.o(i.prvIdleTask)
    prvIdleTask                              0x080038fd   Thumb Code    82  tasks.o(i.prvIdleTask)
    i.prvInitialiseMutex                     0x0800395c   Section        0  queue.o(i.prvInitialiseMutex)
    prvInitialiseMutex                       0x0800395d   Thumb Code    22  queue.o(i.prvInitialiseMutex)
    i.prvInitialiseNewQueue                  0x08003974   Section        0  queue.o(i.prvInitialiseNewQueue)
    prvInitialiseNewQueue                    0x08003975   Thumb Code    34  queue.o(i.prvInitialiseNewQueue)
    i.prvInitialiseNewTask                   0x08003998   Section        0  tasks.o(i.prvInitialiseNewTask)
    prvInitialiseNewTask                     0x08003999   Thumb Code   176  tasks.o(i.prvInitialiseNewTask)
    i.prvInsertBlockIntoFreeList             0x08003a48   Section        0  heap_4.o(i.prvInsertBlockIntoFreeList)
    prvInsertBlockIntoFreeList               0x08003a49   Thumb Code    72  heap_4.o(i.prvInsertBlockIntoFreeList)
    i.prvInsertTimerInActiveList             0x08003a94   Section        0  timers.o(i.prvInsertTimerInActiveList)
    prvInsertTimerInActiveList               0x08003a95   Thumb Code    52  timers.o(i.prvInsertTimerInActiveList)
    i.prvIsQueueEmpty                        0x08003acc   Section        0  queue.o(i.prvIsQueueEmpty)
    prvIsQueueEmpty                          0x08003acd   Thumb Code    28  queue.o(i.prvIsQueueEmpty)
    i.prvProcessReceivedCommands             0x08003ae8   Section        0  timers.o(i.prvProcessReceivedCommands)
    prvProcessReceivedCommands               0x08003ae9   Thumb Code   248  timers.o(i.prvProcessReceivedCommands)
    i.prvProcessTimerOrBlockTask             0x08003be4   Section        0  timers.o(i.prvProcessTimerOrBlockTask)
    prvProcessTimerOrBlockTask               0x08003be5   Thumb Code   182  timers.o(i.prvProcessTimerOrBlockTask)
    i.prvResetNextTaskUnblockTime            0x08003ca4   Section        0  tasks.o(i.prvResetNextTaskUnblockTime)
    prvResetNextTaskUnblockTime              0x08003ca5   Thumb Code    26  tasks.o(i.prvResetNextTaskUnblockTime)
    i.prvSampleTimeNow                       0x08003cc4   Section        0  timers.o(i.prvSampleTimeNow)
    prvSampleTimeNow                         0x08003cc5   Thumb Code    36  timers.o(i.prvSampleTimeNow)
    i.prvSwitchTimerLists                    0x08003cec   Section        0  timers.o(i.prvSwitchTimerLists)
    prvSwitchTimerLists                      0x08003ced   Thumb Code   104  timers.o(i.prvSwitchTimerLists)
    i.prvTaskExitError                       0x08003d58   Section        0  port.o(i.prvTaskExitError)
    prvTaskExitError                         0x08003d59   Thumb Code    36  port.o(i.prvTaskExitError)
    i.prvTimerTask                           0x08003d80   Section        0  timers.o(i.prvTimerTask)
    prvTimerTask                             0x08003d81   Thumb Code    32  timers.o(i.prvTimerTask)
    i.prvUnlockQueue                         0x08003da4   Section        0  queue.o(i.prvUnlockQueue)
    prvUnlockQueue                           0x08003da5   Thumb Code   106  queue.o(i.prvUnlockQueue)
    i.pvPortMalloc                           0x08003e10   Section        0  heap_4.o(i.pvPortMalloc)
    i.pvTaskIncrementMutexHeldCount          0x08003eec   Section        0  tasks.o(i.pvTaskIncrementMutexHeldCount)
    i.pxPortInitialiseStack                  0x08003f04   Section        0  port.o(i.pxPortInitialiseStack)
    i.uxListRemove                           0x08003f28   Section        0  list.o(i.uxListRemove)
    i.vApplicationGetIdleTaskMemory          0x08003f50   Section        0  cmsis_os2.o(i.vApplicationGetIdleTaskMemory)
    i.vApplicationGetTimerTaskMemory         0x08003f64   Section        0  cmsis_os2.o(i.vApplicationGetTimerTaskMemory)
    i.vListInitialise                        0x08003f7c   Section        0  list.o(i.vListInitialise)
    i.vListInitialiseItem                    0x08003f92   Section        0  list.o(i.vListInitialiseItem)
    i.vListInsert                            0x08003f98   Section        0  list.o(i.vListInsert)
    i.vListInsertEnd                         0x08003fc8   Section        0  list.o(i.vListInsertEnd)
    i.vPortEnterCritical                     0x08003fe0   Section        0  port.o(i.vPortEnterCritical)
    i.vPortExitCritical                      0x08004020   Section        0  port.o(i.vPortExitCritical)
    i.vPortFree                              0x08004048   Section        0  heap_4.o(i.vPortFree)
    i.vPortSetupTimerInterrupt               0x080040ac   Section        0  port.o(i.vPortSetupTimerInterrupt)
    i.vPortValidateInterruptPriority         0x080040d0   Section        0  port.o(i.vPortValidateInterruptPriority)
    i.vQueueAddToRegistry                    0x08004124   Section        0  queue.o(i.vQueueAddToRegistry)
    i.vQueueWaitForMessageRestricted         0x0800414c   Section        0  queue.o(i.vQueueWaitForMessageRestricted)
    i.vTaskDelay                             0x08004190   Section        0  tasks.o(i.vTaskDelay)
    i.vTaskInternalSetTimeOutState           0x080041dc   Section        0  tasks.o(i.vTaskInternalSetTimeOutState)
    i.vTaskMissedYield                       0x080041ec   Section        0  tasks.o(i.vTaskMissedYield)
    i.vTaskPlaceOnEventList                  0x080041f8   Section        0  tasks.o(i.vTaskPlaceOnEventList)
    i.vTaskPlaceOnEventListRestricted        0x08004228   Section        0  tasks.o(i.vTaskPlaceOnEventListRestricted)
    i.vTaskPriorityDisinheritAfterTimeout    0x08004260   Section        0  tasks.o(i.vTaskPriorityDisinheritAfterTimeout)
    i.vTaskStartScheduler                    0x080042f0   Section        0  tasks.o(i.vTaskStartScheduler)
    i.vTaskSuspendAll                        0x08004378   Section        0  tasks.o(i.vTaskSuspendAll)
    i.vTaskSwitchContext                     0x08004388   Section        0  tasks.o(i.vTaskSwitchContext)
    i.xPortStartScheduler                    0x080043ec   Section        0  port.o(i.xPortStartScheduler)
    i.xPortSysTickHandler                    0x08004494   Section        0  port.o(i.xPortSysTickHandler)
    i.xQueueCreateMutex                      0x080044c0   Section        0  queue.o(i.xQueueCreateMutex)
    i.xQueueCreateMutexStatic                0x080044d6   Section        0  queue.o(i.xQueueCreateMutexStatic)
    i.xQueueGenericCreate                    0x080044f0   Section        0  queue.o(i.xQueueGenericCreate)
    i.xQueueGenericCreateStatic              0x08004532   Section        0  queue.o(i.xQueueGenericCreateStatic)
    i.xQueueGenericReset                     0x08004598   Section        0  queue.o(i.xQueueGenericReset)
    i.xQueueGenericSend                      0x08004620   Section        0  queue.o(i.xQueueGenericSend)
    i.xQueueGenericSendFromISR               0x08004780   Section        0  queue.o(i.xQueueGenericSendFromISR)
    i.xQueueGiveMutexRecursive               0x0800483e   Section        0  queue.o(i.xQueueGiveMutexRecursive)
    i.xQueueReceive                          0x0800487c   Section        0  queue.o(i.xQueueReceive)
    i.xQueueSemaphoreTake                    0x080049b4   Section        0  queue.o(i.xQueueSemaphoreTake)
    i.xQueueTakeMutexRecursive               0x08004b2c   Section        0  queue.o(i.xQueueTakeMutexRecursive)
    i.xTaskCheckForTimeOut                   0x08004b6c   Section        0  tasks.o(i.xTaskCheckForTimeOut)
    i.xTaskCreate                            0x08004be0   Section        0  tasks.o(i.xTaskCreate)
    i.xTaskCreateStatic                      0x08004c3a   Section        0  tasks.o(i.xTaskCreateStatic)
    i.xTaskGetCurrentTaskHandle              0x08004c90   Section        0  tasks.o(i.xTaskGetCurrentTaskHandle)
    i.xTaskGetSchedulerState                 0x08004c9c   Section        0  tasks.o(i.xTaskGetSchedulerState)
    i.xTaskGetTickCount                      0x08004cb8   Section        0  tasks.o(i.xTaskGetTickCount)
    i.xTaskIncrementTick                     0x08004cc4   Section        0  tasks.o(i.xTaskIncrementTick)
    i.xTaskPriorityDisinherit                0x08004d8c   Section        0  tasks.o(i.xTaskPriorityDisinherit)
    i.xTaskPriorityInherit                   0x08004e0c   Section        0  tasks.o(i.xTaskPriorityInherit)
    i.xTaskRemoveFromEventList               0x08004e84   Section        0  tasks.o(i.xTaskRemoveFromEventList)
    i.xTaskResumeAll                         0x08004ef4   Section        0  tasks.o(i.xTaskResumeAll)
    i.xTimerCreateTimerTask                  0x08004fb8   Section        0  timers.o(i.xTimerCreateTimerTask)
    i.xTimerGenericCommand                   0x08005018   Section        0  timers.o(i.xTimerGenericCommand)
    .constdata                               0x08005080   Section      180  freertos.o(.constdata)
    .constdata                               0x08005134   Section       18  stm32f1xx_hal_rcc.o(.constdata)
    aPredivFactorTable                       0x08005134   Data           2  stm32f1xx_hal_rcc.o(.constdata)
    aPLLMULFactorTable                       0x08005136   Data          16  stm32f1xx_hal_rcc.o(.constdata)
    .constdata                               0x08005146   Section     1520  oled_data.o(.constdata)
    .constdata                               0x08005736   Section      570  oled_data.o(.constdata)
    .constdata                               0x08005970   Section       16  system_stm32f1xx.o(.constdata)
    .constdata                               0x08005980   Section        8  system_stm32f1xx.o(.constdata)
    .conststring                             0x08005988   Section       76  freertos.o(.conststring)
    .data                                    0x20000000   Section        4  main.o(.data)
    .data                                    0x20000004   Section        4  main.o(.data)
    .data                                    0x20000008   Section      128  main.o(.data)
    .data                                    0x20000088   Section        2  main.o(.data)
    .data                                    0x2000008c   Section        4  main.o(.data)
    .data                                    0x20000090   Section        4  main.o(.data)
    .data                                    0x20000094   Section       20  freertos.o(.data)
    .data                                    0x200000a8   Section       12  stm32f1xx_hal.o(.data)
    .data                                    0x200000b4   Section        4  system_stm32f1xx.o(.data)
    .data                                    0x200000b8   Section       60  tasks.o(.data)
    uxDeletedTasksWaitingCleanUp             0x200000bc   Data           4  tasks.o(.data)
    uxCurrentNumberOfTasks                   0x200000c0   Data           4  tasks.o(.data)
    xTickCount                               0x200000c4   Data           4  tasks.o(.data)
    uxTopReadyPriority                       0x200000c8   Data           4  tasks.o(.data)
    xSchedulerRunning                        0x200000cc   Data           4  tasks.o(.data)
    xPendedTicks                             0x200000d0   Data           4  tasks.o(.data)
    xYieldPending                            0x200000d4   Data           4  tasks.o(.data)
    xNumOfOverflows                          0x200000d8   Data           4  tasks.o(.data)
    uxTaskNumber                             0x200000dc   Data           4  tasks.o(.data)
    xNextTaskUnblockTime                     0x200000e0   Data           4  tasks.o(.data)
    xIdleTaskHandle                          0x200000e4   Data           4  tasks.o(.data)
    uxSchedulerSuspended                     0x200000e8   Data           4  tasks.o(.data)
    pxDelayedTaskList                        0x200000ec   Data           4  tasks.o(.data)
    pxOverflowDelayedTaskList                0x200000f0   Data           4  tasks.o(.data)
    .data                                    0x200000f4   Section       20  timers.o(.data)
    xTimerQueue                              0x200000f4   Data           4  timers.o(.data)
    xTimerTaskHandle                         0x200000f8   Data           4  timers.o(.data)
    xLastTime                                0x200000fc   Data           4  timers.o(.data)
    pxCurrentTimerList                       0x20000100   Data           4  timers.o(.data)
    pxOverflowTimerList                      0x20000104   Data           4  timers.o(.data)
    .data                                    0x20000108   Section        4  cmsis_os2.o(.data)
    KernelState                              0x20000108   Data           4  cmsis_os2.o(.data)
    .data                                    0x2000010c   Section       32  heap_4.o(.data)
    pxEnd                                    0x2000010c   Data           4  heap_4.o(.data)
    xFreeBytesRemaining                      0x20000110   Data           4  heap_4.o(.data)
    xMinimumEverFreeBytesRemaining           0x20000114   Data           4  heap_4.o(.data)
    xNumberOfSuccessfulAllocations           0x20000118   Data           4  heap_4.o(.data)
    xNumberOfSuccessfulFrees                 0x2000011c   Data           4  heap_4.o(.data)
    xBlockAllocatedBit                       0x20000120   Data           4  heap_4.o(.data)
    xStart                                   0x20000124   Data           8  heap_4.o(.data)
    .data                                    0x2000012c   Section       12  port.o(.data)
    ucMaxSysCallPriority                     0x2000012c   Data           1  port.o(.data)
    uxCriticalNesting                        0x20000130   Data           4  port.o(.data)
    ulMaxPRIGROUPValue                       0x20000134   Data           4  port.o(.data)
    .bss                                     0x20000138   Section      144  tim.o(.bss)
    .bss                                     0x200001c8   Section       72  usart.o(.bss)
    .bss                                     0x20000210   Section       72  stm32f1xx_hal_timebase_tim.o(.bss)
    .bss                                     0x20000258   Section     1024  oled.o(.bss)
    .bss                                     0x20000658   Section       64  queue.o(.bss)
    .bss                                     0x20000698   Section     1220  tasks.o(.bss)
    pxReadyTasksLists                        0x20000698   Data        1120  tasks.o(.bss)
    xDelayedTaskList1                        0x20000af8   Data          20  tasks.o(.bss)
    xDelayedTaskList2                        0x20000b0c   Data          20  tasks.o(.bss)
    xPendingReadyList                        0x20000b20   Data          20  tasks.o(.bss)
    xTasksWaitingTermination                 0x20000b34   Data          20  tasks.o(.bss)
    xSuspendedTaskList                       0x20000b48   Data          20  tasks.o(.bss)
    .bss                                     0x20000b5c   Section      280  timers.o(.bss)
    xStaticTimerQueue                        0x20000b5c   Data          80  timers.o(.bss)
    ucStaticTimerQueueStorage                0x20000bac   Data         160  timers.o(.bss)
    xActiveTimerList1                        0x20000c4c   Data          20  timers.o(.bss)
    xActiveTimerList2                        0x20000c60   Data          20  timers.o(.bss)
    .bss                                     0x20000c74   Section     1720  cmsis_os2.o(.bss)
    Idle_TCB                                 0x20000c74   Data          92  cmsis_os2.o(.bss)
    Idle_Stack                               0x20000cd0   Data         512  cmsis_os2.o(.bss)
    Timer_TCB                                0x20000ed0   Data          92  cmsis_os2.o(.bss)
    Timer_Stack                              0x20000f2c   Data        1024  cmsis_os2.o(.bss)
    .bss                                     0x2000132c   Section    12288  heap_4.o(.bss)
    ucHeap                                   0x2000132c   Data       12288  heap_4.o(.bss)
    STACK                                    0x20004330   Section     1024  startup_stm32f103xb.o(STACK)

    Global Symbols

    Symbol Name                              Value     Ov Type        Size  Object(Section)

    BuildAttributes$$THM_ISAv4$P$D$K$B$S$PE$A:L22UL41UL21$X:L11$S22US41US21$IEEE1$IW$USESV6$~STKCKD$USESV7$~SHL$OTIME$ROPI$IEEEX$EBA8$MICROLIB$REQ8$PRES8$EABIv2 0x00000000   Number         0  anon$$obj.o ABSOLUTE
    __ARM_use_no_argv                        0x00000000   Number         0  main.o ABSOLUTE
    _printf_a                                0x00000000   Number         0  stubs.o ABSOLUTE
    _printf_c                                0x00000000   Number         0  stubs.o ABSOLUTE
    _printf_charcount                        0x00000000   Number         0  stubs.o ABSOLUTE
    _printf_d                                0x00000000   Number         0  stubs.o ABSOLUTE
    _printf_e                                0x00000000   Number         0  stubs.o ABSOLUTE
    _printf_f                                0x00000000   Number         0  stubs.o ABSOLUTE
    _printf_flags                            0x00000000   Number         0  stubs.o ABSOLUTE
    _printf_fp_dec                           0x00000000   Number         0  stubs.o ABSOLUTE
    _printf_fp_hex                           0x00000000   Number         0  stubs.o ABSOLUTE
    _printf_g                                0x00000000   Number         0  stubs.o ABSOLUTE
    _printf_i                                0x00000000   Number         0  stubs.o ABSOLUTE
    _printf_int_dec                          0x00000000   Number         0  stubs.o ABSOLUTE
    _printf_l                                0x00000000   Number         0  stubs.o ABSOLUTE
    _printf_lc                               0x00000000   Number         0  stubs.o ABSOLUTE
    _printf_ll                               0x00000000   Number         0  stubs.o ABSOLUTE
    _printf_lld                              0x00000000   Number         0  stubs.o ABSOLUTE
    _printf_lli                              0x00000000   Number         0  stubs.o ABSOLUTE
    _printf_llo                              0x00000000   Number         0  stubs.o ABSOLUTE
    _printf_llu                              0x00000000   Number         0  stubs.o ABSOLUTE
    _printf_llx                              0x00000000   Number         0  stubs.o ABSOLUTE
    _printf_longlong_dec                     0x00000000   Number         0  stubs.o ABSOLUTE
    _printf_longlong_hex                     0x00000000   Number         0  stubs.o ABSOLUTE
    _printf_longlong_oct                     0x00000000   Number         0  stubs.o ABSOLUTE
    _printf_ls                               0x00000000   Number         0  stubs.o ABSOLUTE
    _printf_mbtowc                           0x00000000   Number         0  stubs.o ABSOLUTE
    _printf_n                                0x00000000   Number         0  stubs.o ABSOLUTE
    _printf_o                                0x00000000   Number         0  stubs.o ABSOLUTE
    _printf_p                                0x00000000   Number         0  stubs.o ABSOLUTE
    _printf_percent                          0x00000000   Number         0  stubs.o ABSOLUTE
    _printf_pre_padding                      0x00000000   Number         0  stubs.o ABSOLUTE
    _printf_return_value                     0x00000000   Number         0  stubs.o ABSOLUTE
    _printf_s                                0x00000000   Number         0  stubs.o ABSOLUTE
    _printf_sizespec                         0x00000000   Number         0  stubs.o ABSOLUTE
    _printf_str                              0x00000000   Number         0  stubs.o ABSOLUTE
    _printf_truncate_signed                  0x00000000   Number         0  stubs.o ABSOLUTE
    _printf_truncate_unsigned                0x00000000   Number         0  stubs.o ABSOLUTE
    _printf_u                                0x00000000   Number         0  stubs.o ABSOLUTE
    _printf_wc                               0x00000000   Number         0  stubs.o ABSOLUTE
    _printf_wctomb                           0x00000000   Number         0  stubs.o ABSOLUTE
    _printf_widthprec                        0x00000000   Number         0  stubs.o ABSOLUTE
    _printf_x                                0x00000000   Number         0  stubs.o ABSOLUTE
    __cpp_initialize__aeabi_                  - Undefined Weak Reference
    __cxa_finalize                            - Undefined Weak Reference
    _clock_init                               - Undefined Weak Reference
    _microlib_exit                            - Undefined Weak Reference
    __Vectors_Size                           0x000000ec   Number         0  startup_stm32f103xb.o ABSOLUTE
    __Vectors                                0x08000000   Data           4  startup_stm32f103xb.o(RESET)
    __Vectors_End                            0x080000ec   Data           0  startup_stm32f103xb.o(RESET)
    __main                                   0x080000ed   Thumb Code     0  entry.o(.ARM.Collect$$$$00000000)
    _main_stk                                0x080000ed   Thumb Code     0  entry2.o(.ARM.Collect$$$$00000001)
    _main_scatterload                        0x080000f1   Thumb Code     0  entry5.o(.ARM.Collect$$$$00000004)
    __main_after_scatterload                 0x080000f5   Thumb Code     0  entry5.o(.ARM.Collect$$$$00000004)
    _main_clock                              0x080000f5   Thumb Code     0  entry7b.o(.ARM.Collect$$$$00000008)
    _main_cpp_init                           0x080000f5   Thumb Code     0  entry8b.o(.ARM.Collect$$$$0000000A)
    _main_init                               0x080000f5   Thumb Code     0  entry9a.o(.ARM.Collect$$$$0000000B)
    __rt_final_cpp                           0x080000fd   Thumb Code     0  entry10a.o(.ARM.Collect$$$$0000000D)
    __rt_final_exit                          0x080000fd   Thumb Code     0  entry11a.o(.ARM.Collect$$$$0000000F)
    SVC_Handler                              0x08000101   Thumb Code    32  port.o(.emb_text)
    __asm___6_port_c_39a90d8d__prvStartFirstTask 0x08000125   Thumb Code    28  port.o(.emb_text)
    PendSV_Handler                           0x08000145   Thumb Code    72  port.o(.emb_text)
    vPortGetIPSR                             0x08000191   Thumb Code     6  port.o(.emb_text)
    Reset_Handler                            0x08000199   Thumb Code     8  startup_stm32f103xb.o(.text)
    ADC1_2_IRQHandler                        0x080001b3   Thumb Code     0  startup_stm32f103xb.o(.text)
    CAN1_RX1_IRQHandler                      0x080001b3   Thumb Code     0  startup_stm32f103xb.o(.text)
    CAN1_SCE_IRQHandler                      0x080001b3   Thumb Code     0  startup_stm32f103xb.o(.text)
    DMA1_Channel1_IRQHandler                 0x080001b3   Thumb Code     0  startup_stm32f103xb.o(.text)
    DMA1_Channel2_IRQHandler                 0x080001b3   Thumb Code     0  startup_stm32f103xb.o(.text)
    DMA1_Channel3_IRQHandler                 0x080001b3   Thumb Code     0  startup_stm32f103xb.o(.text)
    DMA1_Channel4_IRQHandler                 0x080001b3   Thumb Code     0  startup_stm32f103xb.o(.text)
    DMA1_Channel5_IRQHandler                 0x080001b3   Thumb Code     0  startup_stm32f103xb.o(.text)
    DMA1_Channel6_IRQHandler                 0x080001b3   Thumb Code     0  startup_stm32f103xb.o(.text)
    DMA1_Channel7_IRQHandler                 0x080001b3   Thumb Code     0  startup_stm32f103xb.o(.text)
    EXTI0_IRQHandler                         0x080001b3   Thumb Code     0  startup_stm32f103xb.o(.text)
    EXTI15_10_IRQHandler                     0x080001b3   Thumb Code     0  startup_stm32f103xb.o(.text)
    EXTI1_IRQHandler                         0x080001b3   Thumb Code     0  startup_stm32f103xb.o(.text)
    EXTI2_IRQHandler                         0x080001b3   Thumb Code     0  startup_stm32f103xb.o(.text)
    EXTI3_IRQHandler                         0x080001b3   Thumb Code     0  startup_stm32f103xb.o(.text)
    EXTI4_IRQHandler                         0x080001b3   Thumb Code     0  startup_stm32f103xb.o(.text)
    EXTI9_5_IRQHandler                       0x080001b3   Thumb Code     0  startup_stm32f103xb.o(.text)
    FLASH_IRQHandler                         0x080001b3   Thumb Code     0  startup_stm32f103xb.o(.text)
    I2C1_ER_IRQHandler                       0x080001b3   Thumb Code     0  startup_stm32f103xb.o(.text)
    I2C1_EV_IRQHandler                       0x080001b3   Thumb Code     0  startup_stm32f103xb.o(.text)
    I2C2_ER_IRQHandler                       0x080001b3   Thumb Code     0  startup_stm32f103xb.o(.text)
    I2C2_EV_IRQHandler                       0x080001b3   Thumb Code     0  startup_stm32f103xb.o(.text)
    PVD_IRQHandler                           0x080001b3   Thumb Code     0  startup_stm32f103xb.o(.text)
    RCC_IRQHandler                           0x080001b3   Thumb Code     0  startup_stm32f103xb.o(.text)
    RTC_Alarm_IRQHandler                     0x080001b3   Thumb Code     0  startup_stm32f103xb.o(.text)
    RTC_IRQHandler                           0x080001b3   Thumb Code     0  startup_stm32f103xb.o(.text)
    SPI1_IRQHandler                          0x080001b3   Thumb Code     0  startup_stm32f103xb.o(.text)
    SPI2_IRQHandler                          0x080001b3   Thumb Code     0  startup_stm32f103xb.o(.text)
    TAMPER_IRQHandler                        0x080001b3   Thumb Code     0  startup_stm32f103xb.o(.text)
    TIM1_BRK_IRQHandler                      0x080001b3   Thumb Code     0  startup_stm32f103xb.o(.text)
    TIM1_CC_IRQHandler                       0x080001b3   Thumb Code     0  startup_stm32f103xb.o(.text)
    TIM1_TRG_COM_IRQHandler                  0x080001b3   Thumb Code     0  startup_stm32f103xb.o(.text)
    TIM2_IRQHandler                          0x080001b3   Thumb Code     0  startup_stm32f103xb.o(.text)
    TIM4_IRQHandler                          0x080001b3   Thumb Code     0  startup_stm32f103xb.o(.text)
    USART2_IRQHandler                        0x080001b3   Thumb Code     0  startup_stm32f103xb.o(.text)
    USART3_IRQHandler                        0x080001b3   Thumb Code     0  startup_stm32f103xb.o(.text)
    USBWakeUp_IRQHandler                     0x080001b3   Thumb Code     0  startup_stm32f103xb.o(.text)
    USB_HP_CAN1_TX_IRQHandler                0x080001b3   Thumb Code     0  startup_stm32f103xb.o(.text)
    USB_LP_CAN1_RX0_IRQHandler               0x080001b3   Thumb Code     0  startup_stm32f103xb.o(.text)
    WWDG_IRQHandler                          0x080001b3   Thumb Code     0  startup_stm32f103xb.o(.text)
    __aeabi_llsr                             0x080001bd   Thumb Code    32  llushr.o(.text)
    _ll_ushift_r                             0x080001bd   Thumb Code     0  llushr.o(.text)
    __aeabi_memcpy                           0x080001dd   Thumb Code    36  memcpya.o(.text)
    __aeabi_memcpy4                          0x080001dd   Thumb Code     0  memcpya.o(.text)
    __aeabi_memcpy8                          0x080001dd   Thumb Code     0  memcpya.o(.text)
    __aeabi_memset                           0x08000201   Thumb Code    14  memseta.o(.text)
    __aeabi_memset4                          0x08000201   Thumb Code     0  memseta.o(.text)
    __aeabi_memset8                          0x08000201   Thumb Code     0  memseta.o(.text)
    __aeabi_memclr                           0x0800020f   Thumb Code     4  memseta.o(.text)
    __aeabi_memclr4                          0x0800020f   Thumb Code     0  memseta.o(.text)
    __aeabi_memclr8                          0x0800020f   Thumb Code     0  memseta.o(.text)
    memset                                   0x08000213   Thumb Code    18  memseta.o(.text)
    __aeabi_dadd                             0x08000225   Thumb Code   322  dadd.o(.text)
    __aeabi_dsub                             0x08000367   Thumb Code     6  dadd.o(.text)
    __aeabi_drsub                            0x0800036d   Thumb Code     6  dadd.o(.text)
    __aeabi_dmul                             0x08000373   Thumb Code   228  dmul.o(.text)
    __aeabi_ddiv                             0x08000457   Thumb Code   222  ddiv.o(.text)
    __aeabi_cdrcmple                         0x08000535   Thumb Code    48  cdrcmple.o(.text)
    __aeabi_uidiv                            0x08000565   Thumb Code     0  uidiv.o(.text)
    __aeabi_uidivmod                         0x08000565   Thumb Code    44  uidiv.o(.text)
    __aeabi_uldivmod                         0x08000591   Thumb Code    98  uldiv.o(.text)
    __aeabi_llsl                             0x080005f3   Thumb Code    30  llshl.o(.text)
    _ll_shift_l                              0x080005f3   Thumb Code     0  llshl.o(.text)
    __aeabi_lasr                             0x08000611   Thumb Code    36  llsshr.o(.text)
    _ll_sshift_r                             0x08000611   Thumb Code     0  llsshr.o(.text)
    __I$use$fp                               0x08000635   Thumb Code     0  iusefp.o(.text)
    _double_round                            0x08000635   Thumb Code    30  depilogue.o(.text)
    _double_epilogue                         0x08000653   Thumb Code   156  depilogue.o(.text)
    __aeabi_d2ulz                            0x080006ef   Thumb Code    48  dfixul.o(.text)
    __scatterload                            0x08000721   Thumb Code    28  init.o(.text)
    __scatterload_rt2                        0x08000721   Thumb Code     0  init.o(.text)
    __decompress                             0x08000745   Thumb Code     0  __dczerorl.o(.text)
    __decompress0                            0x08000745   Thumb Code    58  __dczerorl.o(.text)
    AutoLogicTaskEntry                       0x08000781   Thumb Code    32  freertos.o(i.AutoLogicTaskEntry)
    BusFault_Handler                         0x080007a5   Thumb Code     2  stm32f1xx_it.o(i.BusFault_Handler)
    DHT11_ReadByte                           0x080007c5   Thumb Code    92  bsp_dht11.o(i.DHT11_ReadByte)
    DHT11_ReadData                           0x08000825   Thumb Code   168  bsp_dht11.o(i.DHT11_ReadData)
    DebugMon_Handler                         0x080008d1   Thumb Code     2  stm32f1xx_it.o(i.DebugMon_Handler)
    DeviceCtrlTaskEntry                      0x080008d5   Thumb Code    98  freertos.o(i.DeviceCtrlTaskEntry)
    Error_Handler                            0x08000945   Thumb Code     4  main.o(i.Error_Handler)
    HAL_DMA_Abort                            0x08000949   Thumb Code    70  stm32f1xx_hal_dma.o(i.HAL_DMA_Abort)
    HAL_DMA_Abort_IT                         0x08000991   Thumb Code   148  stm32f1xx_hal_dma.o(i.HAL_DMA_Abort_IT)
    HAL_Delay                                0x08000a29   Thumb Code    32  stm32f1xx_hal.o(i.HAL_Delay)
    HAL_GPIO_Init                            0x08000a4d   Thumb Code   446  stm32f1xx_hal_gpio.o(i.HAL_GPIO_Init)
    HAL_GPIO_ReadPin                         0x08000c2d   Thumb Code    10  stm32f1xx_hal_gpio.o(i.HAL_GPIO_ReadPin)
    HAL_GPIO_WritePin                        0x08000c37   Thumb Code    10  stm32f1xx_hal_gpio.o(i.HAL_GPIO_WritePin)
    HAL_GetTick                              0x08000c41   Thumb Code     6  stm32f1xx_hal.o(i.HAL_GetTick)
    HAL_IncTick                              0x08000c4d   Thumb Code    12  stm32f1xx_hal.o(i.HAL_IncTick)
    HAL_Init                                 0x08000c5d   Thumb Code    32  stm32f1xx_hal.o(i.HAL_Init)
    HAL_InitTick                             0x08000c81   Thumb Code   118  stm32f1xx_hal_timebase_tim.o(i.HAL_InitTick)
    HAL_MspInit                              0x08000d0d   Thumb Code    62  stm32f1xx_hal_msp.o(i.HAL_MspInit)
    HAL_NVIC_EnableIRQ                       0x08000d55   Thumb Code    26  stm32f1xx_hal_cortex.o(i.HAL_NVIC_EnableIRQ)
    HAL_NVIC_SetPriority                     0x08000d71   Thumb Code    60  stm32f1xx_hal_cortex.o(i.HAL_NVIC_SetPriority)
    HAL_NVIC_SetPriorityGrouping             0x08000db1   Thumb Code    26  stm32f1xx_hal_cortex.o(i.HAL_NVIC_SetPriorityGrouping)
    HAL_RCC_ClockConfig                      0x08000dd5   Thumb Code   280  stm32f1xx_hal_rcc.o(i.HAL_RCC_ClockConfig)
    HAL_RCC_GetClockConfig                   0x08000f01   Thumb Code    54  stm32f1xx_hal_rcc.o(i.HAL_RCC_GetClockConfig)
    HAL_RCC_GetPCLK1Freq                     0x08000f41   Thumb Code    20  stm32f1xx_hal_rcc.o(i.HAL_RCC_GetPCLK1Freq)
    HAL_RCC_GetPCLK2Freq                     0x08000f61   Thumb Code    20  stm32f1xx_hal_rcc.o(i.HAL_RCC_GetPCLK2Freq)
    HAL_RCC_GetSysClockFreq                  0x08000f81   Thumb Code    58  stm32f1xx_hal_rcc.o(i.HAL_RCC_GetSysClockFreq)
    HAL_RCC_OscConfig                        0x08000fcd   Thumb Code   778  stm32f1xx_hal_rcc.o(i.HAL_RCC_OscConfig)
    HAL_TIMEx_BreakCallback                  0x080012ed   Thumb Code     2  stm32f1xx_hal_tim_ex.o(i.HAL_TIMEx_BreakCallback)
    HAL_TIMEx_CommutCallback                 0x080012ef   Thumb Code     2  stm32f1xx_hal_tim_ex.o(i.HAL_TIMEx_CommutCallback)
    HAL_TIMEx_MasterConfigSynchronization    0x080012f1   Thumb Code    92  stm32f1xx_hal_tim_ex.o(i.HAL_TIMEx_MasterConfigSynchronization)
    HAL_TIM_Base_Init                        0x08001359   Thumb Code    90  stm32f1xx_hal_tim.o(i.HAL_TIM_Base_Init)
    HAL_TIM_Base_MspInit                     0x080013b5   Thumb Code    72  tim.o(i.HAL_TIM_Base_MspInit)
    HAL_TIM_Base_Start                       0x08001405   Thumb Code    66  stm32f1xx_hal_tim.o(i.HAL_TIM_Base_Start)
    HAL_TIM_Base_Start_IT                    0x08001455   Thumb Code    76  stm32f1xx_hal_tim.o(i.HAL_TIM_Base_Start_IT)
    HAL_TIM_Base_Stop                        0x080014ad   Thumb Code    38  stm32f1xx_hal_tim.o(i.HAL_TIM_Base_Stop)
    HAL_TIM_ConfigClockSource                0x080014d3   Thumb Code   220  stm32f1xx_hal_tim.o(i.HAL_TIM_ConfigClockSource)
    HAL_TIM_IC_CaptureCallback               0x080015af   Thumb Code     2  stm32f1xx_hal_tim.o(i.HAL_TIM_IC_CaptureCallback)
    HAL_TIM_IRQHandler                       0x080015b1   Thumb Code   304  stm32f1xx_hal_tim.o(i.HAL_TIM_IRQHandler)
    HAL_TIM_MspPostInit                      0x080016e1   Thumb Code    62  tim.o(i.HAL_TIM_MspPostInit)
    HAL_TIM_OC_DelayElapsedCallback          0x0800172d   Thumb Code     2  stm32f1xx_hal_tim.o(i.HAL_TIM_OC_DelayElapsedCallback)
    HAL_TIM_PWM_ConfigChannel                0x0800172f   Thumb Code   204  stm32f1xx_hal_tim.o(i.HAL_TIM_PWM_ConfigChannel)
    HAL_TIM_PWM_Init                         0x080017fb   Thumb Code    90  stm32f1xx_hal_tim.o(i.HAL_TIM_PWM_Init)
    HAL_TIM_PWM_MspInit                      0x08001855   Thumb Code     2  stm32f1xx_hal_tim.o(i.HAL_TIM_PWM_MspInit)
    HAL_TIM_PWM_PulseFinishedCallback        0x08001857   Thumb Code     2  stm32f1xx_hal_tim.o(i.HAL_TIM_PWM_PulseFinishedCallback)
    HAL_TIM_PWM_Start                        0x08001859   Thumb Code   144  stm32f1xx_hal_tim.o(i.HAL_TIM_PWM_Start)
    HAL_TIM_PeriodElapsedCallback            0x080018f5   Thumb Code    14  main.o(i.HAL_TIM_PeriodElapsedCallback)
    HAL_TIM_TriggerCallback                  0x08001909   Thumb Code     2  stm32f1xx_hal_tim.o(i.HAL_TIM_TriggerCallback)
    HAL_UARTEx_RxEventCallback               0x0800190b   Thumb Code     2  stm32f1xx_hal_uart.o(i.HAL_UARTEx_RxEventCallback)
    HAL_UART_ErrorCallback                   0x0800190d   Thumb Code     2  stm32f1xx_hal_uart.o(i.HAL_UART_ErrorCallback)
    HAL_UART_IRQHandler                      0x08001911   Thumb Code   616  stm32f1xx_hal_uart.o(i.HAL_UART_IRQHandler)
    HAL_UART_Init                            0x08001b7d   Thumb Code   100  stm32f1xx_hal_uart.o(i.HAL_UART_Init)
    HAL_UART_MspInit                         0x08001be1   Thumb Code   116  usart.o(i.HAL_UART_MspInit)
    HAL_UART_Receive_IT                      0x08001c61   Thumb Code    28  stm32f1xx_hal_uart.o(i.HAL_UART_Receive_IT)
    HAL_UART_RxCpltCallback                  0x08001c7d   Thumb Code    30  main.o(i.HAL_UART_RxCpltCallback)
    HAL_UART_TxCpltCallback                  0x08001ca9   Thumb Code     2  stm32f1xx_hal_uart.o(i.HAL_UART_TxCpltCallback)
    HardFault_Handler                        0x08001cab   Thumb Code     2  stm32f1xx_it.o(i.HardFault_Handler)
    Light_Set                                0x08001cad   Thumb Code    16  main.o(i.Light_Set)
    MX_FREERTOS_Init                         0x08001cc1   Thumb Code   102  freertos.o(i.MX_FREERTOS_Init)
    MX_GPIO_Init                             0x08001d4d   Thumb Code   152  gpio.o(i.MX_GPIO_Init)
    MX_TIM2_Init                             0x08001df1   Thumb Code    98  tim.o(i.MX_TIM2_Init)
    MX_TIM3_Init                             0x08001e59   Thumb Code   142  tim.o(i.MX_TIM3_Init)
    MX_USART1_UART_Init                      0x08001ef1   Thumb Code    48  usart.o(i.MX_USART1_UART_Init)
    MemManage_Handler                        0x08001f29   Thumb Code     2  stm32f1xx_it.o(i.MemManage_Handler)
    Motor_SetLevel                           0x08001f2d   Thumb Code   120  main.o(i.Motor_SetLevel)
    NMI_Handler                              0x08001fad   Thumb Code     2  stm32f1xx_it.o(i.NMI_Handler)
    OLED_Clear                               0x08001fb1   Thumb Code    34  oled.o(i.OLED_Clear)
    OLED_ClearArea                           0x08001fd9   Thumb Code    94  oled.o(i.OLED_ClearArea)
    OLED_I2C_SendByte                        0x0800203d   Thumb Code    58  oled.o(i.OLED_I2C_SendByte)
    OLED_I2C_Start                           0x08002077   Thumb Code    30  oled.o(i.OLED_I2C_Start)
    OLED_I2C_Stop                            0x08002095   Thumb Code    24  oled.o(i.OLED_I2C_Stop)
    OLED_Init                                0x080020ad   Thumb Code   152  oled.o(i.OLED_Init)
    OLED_SetCursor                           0x08002145   Thumb Code    34  oled.o(i.OLED_SetCursor)
    OLED_ShowChar                            0x08002169   Thumb Code    52  oled.o(i.OLED_ShowChar)
    OLED_ShowImage                           0x080021a5   Thumb Code   170  oled.o(i.OLED_ShowImage)
    OLED_ShowString                          0x08002255   Thumb Code    44  oled.o(i.OLED_ShowString)
    OLED_Update                              0x08002281   Thumb Code    34  oled.o(i.OLED_Update)
    OLED_W_SCL                               0x080022a9   Thumb Code    10  oled.o(i.OLED_W_SCL)
    OLED_W_SDA                               0x080022b9   Thumb Code    10  oled.o(i.OLED_W_SDA)
    OLED_WriteCommand                        0x080022c9   Thumb Code    34  oled.o(i.OLED_WriteCommand)
    OLED_WriteData                           0x080022eb   Thumb Code    48  oled.o(i.OLED_WriteData)
    OledDisplayTaskEntry                     0x0800231d   Thumb Code   268  freertos.o(i.OledDisplayTaskEntry)
    SensorCollectTaskEntry                   0x080024f1   Thumb Code   110  freertos.o(i.SensorCollectTaskEntry)
    SysTick_Handler                          0x0800256d   Thumb Code    26  cmsis_os2.o(i.SysTick_Handler)
    SystemClock_Config                       0x08002587   Thumb Code    94  main.o(i.SystemClock_Config)
    SystemInit                               0x080025e5   Thumb Code     2  system_stm32f1xx.o(i.SystemInit)
    TIM1_UP_IRQHandler                       0x080025e9   Thumb Code     6  stm32f1xx_it.o(i.TIM1_UP_IRQHandler)
    TIM3_IRQHandler                          0x080025f5   Thumb Code     6  stm32f1xx_it.o(i.TIM3_IRQHandler)
    TIM_Base_SetConfig                       0x08002601   Thumb Code   108  stm32f1xx_hal_tim.o(i.TIM_Base_SetConfig)
    TIM_CCxChannelCmd                        0x08002679   Thumb Code    26  stm32f1xx_hal_tim.o(i.TIM_CCxChannelCmd)
    TIM_ETR_SetConfig                        0x08002693   Thumb Code    20  stm32f1xx_hal_tim.o(i.TIM_ETR_SetConfig)
    TIM_OC2_SetConfig                        0x08002709   Thumb Code    84  stm32f1xx_hal_tim.o(i.TIM_OC2_SetConfig)
    UART_Start_Receive_IT                    0x08002a1d   Thumb Code    54  stm32f1xx_hal_uart.o(i.UART_Start_Receive_IT)
    USART1_IRQHandler                        0x08002a55   Thumb Code     6  stm32f1xx_it.o(i.USART1_IRQHandler)
    UsageFault_Handler                       0x08002a61   Thumb Code     2  stm32f1xx_it.o(i.UsageFault_Handler)
    VoiceTaskEntry                           0x08002a65   Thumb Code   124  freertos.o(i.VoiceTaskEntry)
    __0sprintf                               0x08002af5   Thumb Code    34  printfa.o(i.__0sprintf)
    __1sprintf                               0x08002af5   Thumb Code     0  printfa.o(i.__0sprintf)
    __2sprintf                               0x08002af5   Thumb Code     0  printfa.o(i.__0sprintf)
    __c89sprintf                             0x08002af5   Thumb Code     0  printfa.o(i.__0sprintf)
    sprintf                                  0x08002af5   Thumb Code     0  printfa.o(i.__0sprintf)
    __scatterload_copy                       0x08002b3d   Thumb Code    14  handlers.o(i.__scatterload_copy)
    __scatterload_null                       0x08002b4b   Thumb Code     2  handlers.o(i.__scatterload_null)
    __scatterload_zeroinit                   0x08002b4d   Thumb Code    14  handlers.o(i.__scatterload_zeroinit)
    bsp_delay_us                             0x08003419   Thumb Code    36  bsp_dht11.o(i.bsp_delay_us)
    main                                     0x08003441   Thumb Code    38  main.o(i.main)
    osDelay                                  0x08003467   Thumb Code    26  cmsis_os2.o(i.osDelay)
    osKernelInitialize                       0x08003481   Thumb Code    32  cmsis_os2.o(i.osKernelInitialize)
    osKernelStart                            0x080034a5   Thumb Code    48  cmsis_os2.o(i.osKernelStart)
    osMutexAcquire                           0x080034dd   Thumb Code    82  cmsis_os2.o(i.osMutexAcquire)
    osMutexNew                               0x0800352f   Thumb Code   104  cmsis_os2.o(i.osMutexNew)
    osMutexRelease                           0x08003597   Thumb Code    66  cmsis_os2.o(i.osMutexRelease)
    osThreadNew                              0x080035d9   Thumb Code   138  cmsis_os2.o(i.osThreadNew)
    pvPortMalloc                             0x08003e11   Thumb Code   216  heap_4.o(i.pvPortMalloc)
    pvTaskIncrementMutexHeldCount            0x08003eed   Thumb Code    18  tasks.o(i.pvTaskIncrementMutexHeldCount)
    pxPortInitialiseStack                    0x08003f05   Thumb Code    32  port.o(i.pxPortInitialiseStack)
    uxListRemove                             0x08003f29   Thumb Code    38  list.o(i.uxListRemove)
    vApplicationGetIdleTaskMemory            0x08003f51   Thumb Code    16  cmsis_os2.o(i.vApplicationGetIdleTaskMemory)
    vApplicationGetTimerTaskMemory           0x08003f65   Thumb Code    18  cmsis_os2.o(i.vApplicationGetTimerTaskMemory)
    vListInitialise                          0x08003f7d   Thumb Code    22  list.o(i.vListInitialise)
    vListInitialiseItem                      0x08003f93   Thumb Code     6  list.o(i.vListInitialiseItem)
    vListInsert                              0x08003f99   Thumb Code    48  list.o(i.vListInsert)
    vListInsertEnd                           0x08003fc9   Thumb Code    24  list.o(i.vListInsertEnd)
    vPortEnterCritical                       0x08003fe1   Thumb Code    54  port.o(i.vPortEnterCritical)
    vPortExitCritical                        0x08004021   Thumb Code    34  port.o(i.vPortExitCritical)
    vPortFree                                0x08004049   Thumb Code    94  heap_4.o(i.vPortFree)
    vPortSetupTimerInterrupt                 0x080040ad   Thumb Code    32  port.o(i.vPortSetupTimerInterrupt)
    vPortValidateInterruptPriority           0x080040d1   Thumb Code    74  port.o(i.vPortValidateInterruptPriority)
    vQueueAddToRegistry                      0x08004125   Thumb Code    34  queue.o(i.vQueueAddToRegistry)
    vQueueWaitForMessageRestricted           0x0800414d   Thumb Code    68  queue.o(i.vQueueWaitForMessageRestricted)
    vTaskDelay                               0x08004191   Thumb Code    66  tasks.o(i.vTaskDelay)
    vTaskInternalSetTimeOutState             0x080041dd   Thumb Code    12  tasks.o(i.vTaskInternalSetTimeOutState)
    vTaskMissedYield                         0x080041ed   Thumb Code     8  tasks.o(i.vTaskMissedYield)
    vTaskPlaceOnEventList                    0x080041f9   Thumb Code    44  tasks.o(i.vTaskPlaceOnEventList)
    vTaskPlaceOnEventListRestricted          0x08004229   Thumb Code    52  tasks.o(i.vTaskPlaceOnEventListRestricted)
    vTaskPriorityDisinheritAfterTimeout      0x08004261   Thumb Code   134  tasks.o(i.vTaskPriorityDisinheritAfterTimeout)
    vTaskStartScheduler                      0x080042f1   Thumb Code   118  tasks.o(i.vTaskStartScheduler)
    vTaskSuspendAll                          0x08004379   Thumb Code    10  tasks.o(i.vTaskSuspendAll)
    vTaskSwitchContext                       0x08004389   Thumb Code    90  tasks.o(i.vTaskSwitchContext)
    xPortStartScheduler                      0x080043ed   Thumb Code   154  port.o(i.xPortStartScheduler)
    xPortSysTickHandler                      0x08004495   Thumb Code    38  port.o(i.xPortSysTickHandler)
    xQueueCreateMutex                        0x080044c1   Thumb Code    22  queue.o(i.xQueueCreateMutex)
    xQueueCreateMutexStatic                  0x080044d7   Thumb Code    26  queue.o(i.xQueueCreateMutexStatic)
    xQueueGenericCreate                      0x080044f1   Thumb Code    66  queue.o(i.xQueueGenericCreate)
    xQueueGenericCreateStatic                0x08004533   Thumb Code   102  queue.o(i.xQueueGenericCreateStatic)
    xQueueGenericReset                       0x08004599   Thumb Code   132  queue.o(i.xQueueGenericReset)
    xQueueGenericSend                        0x08004621   Thumb Code   346  queue.o(i.xQueueGenericSend)
    xQueueGenericSendFromISR                 0x08004781   Thumb Code   190  queue.o(i.xQueueGenericSendFromISR)
    xQueueGiveMutexRecursive                 0x0800483f   Thumb Code    62  queue.o(i.xQueueGiveMutexRecursive)
    xQueueReceive                            0x0800487d   Thumb Code   308  queue.o(i.xQueueReceive)
    xQueueSemaphoreTake                      0x080049b5   Thumb Code   372  queue.o(i.xQueueSemaphoreTake)
    xQueueTakeMutexRecursive                 0x08004b2d   Thumb Code    64  queue.o(i.xQueueTakeMutexRecursive)
    xTaskCheckForTimeOut                     0x08004b6d   Thumb Code   112  tasks.o(i.xTaskCheckForTimeOut)
    xTaskCreate                              0x08004be1   Thumb Code    90  tasks.o(i.xTaskCreate)
    xTaskCreateStatic                        0x08004c3b   Thumb Code    86  tasks.o(i.xTaskCreateStatic)
    xTaskGetCurrentTaskHandle                0x08004c91   Thumb Code     6  tasks.o(i.xTaskGetCurrentTaskHandle)
    xTaskGetSchedulerState                   0x08004c9d   Thumb Code    22  tasks.o(i.xTaskGetSchedulerState)
    xTaskGetTickCount                        0x08004cb9   Thumb Code     6  tasks.o(i.xTaskGetTickCount)
    xTaskIncrementTick                       0x08004cc5   Thumb Code   192  tasks.o(i.xTaskIncrementTick)
    xTaskPriorityDisinherit                  0x08004d8d   Thumb Code   118  tasks.o(i.xTaskPriorityDisinherit)
    xTaskPriorityInherit                     0x08004e0d   Thumb Code   112  tasks.o(i.xTaskPriorityInherit)
    xTaskRemoveFromEventList                 0x08004e85   Thumb Code    98  tasks.o(i.xTaskRemoveFromEventList)
    xTaskResumeAll                           0x08004ef5   Thumb Code   182  tasks.o(i.xTaskResumeAll)
    xTimerCreateTimerTask                    0x08004fb9   Thumb Code    78  timers.o(i.xTimerCreateTimerTask)
    xTimerGenericCommand                     0x08005019   Thumb Code    98  timers.o(i.xTimerGenericCommand)
    VoiceTask_attributes                     0x08005080   Data          36  freertos.o(.constdata)
    DeviceCtrlTask_attributes                0x080050a4   Data          36  freertos.o(.constdata)
    SensorCollectTa_attributes               0x080050c8   Data          36  freertos.o(.constdata)
    AutoLogicTask_attributes                 0x080050ec   Data          36  freertos.o(.constdata)
    OledDisplayTask_attributes               0x08005110   Data          36  freertos.o(.constdata)
    OLED_F8x16                               0x08005146   Data        1520  oled_data.o(.constdata)
    OLED_F6x8                                0x08005736   Data         570  oled_data.o(.constdata)
    AHBPrescTable                            0x08005970   Data          16  system_stm32f1xx.o(.constdata)
    APBPrescTable                            0x08005980   Data           8  system_stm32f1xx.o(.constdata)
    Region$$Table$$Base                      0x080059d4   Number         0  anon$$obj.o(Region$$Table)
    Region$$Table$$Limit                     0x080059f4   Number         0  anon$$obj.o(Region$$Table)
    g_sensor                                 0x20000000   Data           4  main.o(.data)
    g_ctrl                                   0x20000004   Data           4  main.o(.data)
    g_display                                0x20000008   Data         128  main.o(.data)
    g_voice_cmd                              0x20000088   Data           1  main.o(.data)
    uart_rx_buf                              0x20000089   Data           1  main.o(.data)
    data_mutex                               0x2000008c   Data           4  main.o(.data)
    oled_mutex                               0x20000090   Data           4  main.o(.data)
    VoiceTaskHandle                          0x20000094   Data           4  freertos.o(.data)
    DeviceCtrlTaskHandle                     0x20000098   Data           4  freertos.o(.data)
    SensorCollectTaHandle                    0x2000009c   Data           4  freertos.o(.data)
    AutoLogicTaskHandle                      0x200000a0   Data           4  freertos.o(.data)
    OledDisplayTaskHandle                    0x200000a4   Data           4  freertos.o(.data)
    uwTickFreq                               0x200000a8   Data           1  stm32f1xx_hal.o(.data)
    uwTickPrio                               0x200000ac   Data           4  stm32f1xx_hal.o(.data)
    uwTick                                   0x200000b0   Data           4  stm32f1xx_hal.o(.data)
    SystemCoreClock                          0x200000b4   Data           4  system_stm32f1xx.o(.data)
    pxCurrentTCB                             0x200000b8   Data           4  tasks.o(.data)
    htim2                                    0x20000138   Data          72  tim.o(.bss)
    htim3                                    0x20000180   Data          72  tim.o(.bss)
    huart1                                   0x200001c8   Data          72  usart.o(.bss)
    htim1                                    0x20000210   Data          72  stm32f1xx_hal_timebase_tim.o(.bss)
    OLED_DisplayBuf                          0x20000258   Data        1024  oled.o(.bss)
    xQueueRegistry                           0x20000658   Data          64  queue.o(.bss)
    __initial_sp                             0x20004730   Data           0  startup_stm32f103xb.o(STACK)



==============================================================================

Memory Map of the image

  Image Entry point : 0x080000ed

  Load Region LR_IROM1 (Base: 0x08000000, Size: 0x00005b2c, Max: 0x00010000, ABSOLUTE, COMPRESSED[0x00005a0c])

    Execution Region ER_IROM1 (Exec base: 0x08000000, Load base: 0x08000000, Size: 0x000059f4, Max: 0x00010000, ABSOLUTE)

    Exec Addr    Load Addr    Size         Type   Attr      Idx    E Section Name        Object

    0x08000000   0x08000000   0x000000ec   Data   RO            3    RESET               startup_stm32f103xb.o
    0x080000ec   0x080000ec   0x00000000   Code   RO         5010  * .ARM.Collect$$$$00000000  mc_w.l(entry.o)
    0x080000ec   0x080000ec   0x00000004   Code   RO         5333    .ARM.Collect$$$$00000001  mc_w.l(entry2.o)
    0x080000f0   0x080000f0   0x00000004   Code   RO         5336    .ARM.Collect$$$$00000004  mc_w.l(entry5.o)
    0x080000f4   0x080000f4   0x00000000   Code   RO         5338    .ARM.Collect$$$$00000008  mc_w.l(entry7b.o)
    0x080000f4   0x080000f4   0x00000000   Code   RO         5340    .ARM.Collect$$$$0000000A  mc_w.l(entry8b.o)
    0x080000f4   0x080000f4   0x00000008   Code   RO         5341    .ARM.Collect$$$$0000000B  mc_w.l(entry9a.o)
    0x080000fc   0x080000fc   0x00000000   Code   RO         5343    .ARM.Collect$$$$0000000D  mc_w.l(entry10a.o)
    0x080000fc   0x080000fc   0x00000000   Code   RO         5345    .ARM.Collect$$$$0000000F  mc_w.l(entry11a.o)
    0x080000fc   0x080000fc   0x00000004   Code   RO         5334    .ARM.Collect$$$$00002712  mc_w.l(entry2.o)
    0x08000100   0x08000100   0x00000096   Code   RO         4879    .emb_text           port.o
    0x08000196   0x08000196   0x00000002   PAD
    0x08000198   0x08000198   0x00000024   Code   RO            4    .text               startup_stm32f103xb.o
    0x080001bc   0x080001bc   0x00000020   Code   RO         5013    .text               mc_w.l(llushr.o)
    0x080001dc   0x080001dc   0x00000024   Code   RO         5015    .text               mc_w.l(memcpya.o)
    0x08000200   0x08000200   0x00000024   Code   RO         5019    .text               mc_w.l(memseta.o)
    0x08000224   0x08000224   0x0000014e   Code   RO         5286    .text               mf_w.l(dadd.o)
    0x08000372   0x08000372   0x000000e4   Code   RO         5288    .text               mf_w.l(dmul.o)
    0x08000456   0x08000456   0x000000de   Code   RO         5290    .text               mf_w.l(ddiv.o)
    0x08000534   0x08000534   0x00000030   Code   RO         5304    .text               mf_w.l(cdrcmple.o)
    0x08000564   0x08000564   0x0000002c   Code   RO         5350    .text               mc_w.l(uidiv.o)
    0x08000590   0x08000590   0x00000062   Code   RO         5352    .text               mc_w.l(uldiv.o)
    0x080005f2   0x080005f2   0x0000001e   Code   RO         5354    .text               mc_w.l(llshl.o)
    0x08000610   0x08000610   0x00000024   Code   RO         5356    .text               mc_w.l(llsshr.o)
    0x08000634   0x08000634   0x00000000   Code   RO         5365    .text               mc_w.l(iusefp.o)
    0x08000634   0x08000634   0x000000ba   Code   RO         5368    .text               mf_w.l(depilogue.o)
    0x080006ee   0x080006ee   0x00000030   Code   RO         5372    .text               mf_w.l(dfixul.o)
    0x0800071e   0x0800071e   0x00000002   PAD
    0x08000720   0x08000720   0x00000024   Code   RO         5378    .text               mc_w.l(init.o)
    0x08000744   0x08000744   0x0000003a   Code   RO         5392    .text               mc_w.l(__dczerorl.o)
    0x0800077e   0x0800077e   0x00000002   PAD
    0x08000780   0x08000780   0x00000024   Code   RO          240    i.AutoLogicTaskEntry  freertos.o
    0x080007a4   0x080007a4   0x00000002   Code   RO          422    i.BusFault_Handler  stm32f1xx_it.o
    0x080007a6   0x080007a6   0x00000002   PAD
    0x080007a8   0x080007a8   0x0000001c   Code   RO         4959    i.DHT11_Mode_OUT_PP  bsp_dht11.o
    0x080007c4   0x080007c4   0x00000060   Code   RO         4960    i.DHT11_ReadByte    bsp_dht11.o
    0x08000824   0x08000824   0x000000ac   Code   RO         4961    i.DHT11_ReadData    bsp_dht11.o
    0x080008d0   0x080008d0   0x00000002   Code   RO          423    i.DebugMon_Handler  stm32f1xx_it.o
    0x080008d2   0x080008d2   0x00000002   PAD
    0x080008d4   0x080008d4   0x00000070   Code   RO          241    i.DeviceCtrlTaskEntry  freertos.o
    0x08000944   0x08000944   0x00000004   Code   RO           13    i.Error_Handler     main.o
    0x08000948   0x08000948   0x00000046   Code   RO         1951    i.HAL_DMA_Abort     stm32f1xx_hal_dma.o
    0x0800098e   0x0800098e   0x00000002   PAD
    0x08000990   0x08000990   0x00000098   Code   RO         1952    i.HAL_DMA_Abort_IT  stm32f1xx_hal_dma.o
    0x08000a28   0x08000a28   0x00000024   Code   RO         1577    i.HAL_Delay         stm32f1xx_hal.o
    0x08000a4c   0x08000a4c   0x000001e0   Code   RO         1887    i.HAL_GPIO_Init     stm32f1xx_hal_gpio.o
    0x08000c2c   0x08000c2c   0x0000000a   Code   RO         1889    i.HAL_GPIO_ReadPin  stm32f1xx_hal_gpio.o
    0x08000c36   0x08000c36   0x0000000a   Code   RO         1891    i.HAL_GPIO_WritePin  stm32f1xx_hal_gpio.o
    0x08000c40   0x08000c40   0x0000000c   Code   RO         1581    i.HAL_GetTick       stm32f1xx_hal.o
    0x08000c4c   0x08000c4c   0x00000010   Code   RO         1587    i.HAL_IncTick       stm32f1xx_hal.o
    0x08000c5c   0x08000c5c   0x00000024   Code   RO         1588    i.HAL_Init          stm32f1xx_hal.o
    0x08000c80   0x08000c80   0x0000008c   Code   RO          522    i.HAL_InitTick      stm32f1xx_hal_timebase_tim.o
    0x08000d0c   0x08000d0c   0x00000048   Code   RO          498    i.HAL_MspInit       stm32f1xx_hal_msp.o
    0x08000d54   0x08000d54   0x0000001a   Code   RO         2047    i.HAL_NVIC_EnableIRQ  stm32f1xx_hal_cortex.o
    0x08000d6e   0x08000d6e   0x00000002   PAD
    0x08000d70   0x08000d70   0x00000040   Code   RO         2053    i.HAL_NVIC_SetPriority  stm32f1xx_hal_cortex.o
    0x08000db0   0x08000db0   0x00000024   Code   RO         2054    i.HAL_NVIC_SetPriorityGrouping  stm32f1xx_hal_cortex.o
    0x08000dd4   0x08000dd4   0x0000012c   Code   RO         1745    i.HAL_RCC_ClockConfig  stm32f1xx_hal_rcc.o
    0x08000f00   0x08000f00   0x00000040   Code   RO         1749    i.HAL_RCC_GetClockConfig  stm32f1xx_hal_rcc.o
    0x08000f40   0x08000f40   0x00000020   Code   RO         1752    i.HAL_RCC_GetPCLK1Freq  stm32f1xx_hal_rcc.o
    0x08000f60   0x08000f60   0x00000020   Code   RO         1753    i.HAL_RCC_GetPCLK2Freq  stm32f1xx_hal_rcc.o
    0x08000f80   0x08000f80   0x0000004c   Code   RO         1754    i.HAL_RCC_GetSysClockFreq  stm32f1xx_hal_rcc.o
    0x08000fcc   0x08000fcc   0x00000320   Code   RO         1757    i.HAL_RCC_OscConfig  stm32f1xx_hal_rcc.o
    0x080012ec   0x080012ec   0x00000002   Code   RO         1303    i.HAL_TIMEx_BreakCallback  stm32f1xx_hal_tim_ex.o
    0x080012ee   0x080012ee   0x00000002   Code   RO         1304    i.HAL_TIMEx_CommutCallback  stm32f1xx_hal_tim_ex.o
    0x080012f0   0x080012f0   0x00000068   Code   RO         1322    i.HAL_TIMEx_MasterConfigSynchronization  stm32f1xx_hal_tim_ex.o
    0x08001358   0x08001358   0x0000005a   Code   RO          599    i.HAL_TIM_Base_Init  stm32f1xx_hal_tim.o
    0x080013b2   0x080013b2   0x00000002   PAD
    0x080013b4   0x080013b4   0x00000050   Code   RO          327    i.HAL_TIM_Base_MspInit  tim.o
    0x08001404   0x08001404   0x00000050   Code   RO          602    i.HAL_TIM_Base_Start  stm32f1xx_hal_tim.o
    0x08001454   0x08001454   0x00000058   Code   RO          604    i.HAL_TIM_Base_Start_IT  stm32f1xx_hal_tim.o
    0x080014ac   0x080014ac   0x00000026   Code   RO          605    i.HAL_TIM_Base_Stop  stm32f1xx_hal_tim.o
    0x080014d2   0x080014d2   0x000000dc   Code   RO          608    i.HAL_TIM_ConfigClockSource  stm32f1xx_hal_tim.o
    0x080015ae   0x080015ae   0x00000002   Code   RO          633    i.HAL_TIM_IC_CaptureCallback  stm32f1xx_hal_tim.o
    0x080015b0   0x080015b0   0x00000130   Code   RO          647    i.HAL_TIM_IRQHandler  stm32f1xx_hal_tim.o
    0x080016e0   0x080016e0   0x0000004c   Code   RO          328    i.HAL_TIM_MspPostInit  tim.o
    0x0800172c   0x0800172c   0x00000002   Code   RO          650    i.HAL_TIM_OC_DelayElapsedCallback  stm32f1xx_hal_tim.o
    0x0800172e   0x0800172e   0x000000cc   Code   RO          671    i.HAL_TIM_PWM_ConfigChannel  stm32f1xx_hal_tim.o
    0x080017fa   0x080017fa   0x0000005a   Code   RO          674    i.HAL_TIM_PWM_Init  stm32f1xx_hal_tim.o
    0x08001854   0x08001854   0x00000002   Code   RO          676    i.HAL_TIM_PWM_MspInit  stm32f1xx_hal_tim.o
    0x08001856   0x08001856   0x00000002   Code   RO          677    i.HAL_TIM_PWM_PulseFinishedCallback  stm32f1xx_hal_tim.o
    0x08001858   0x08001858   0x0000009c   Code   RO          679    i.HAL_TIM_PWM_Start  stm32f1xx_hal_tim.o
    0x080018f4   0x080018f4   0x00000014   Code   RO           14    i.HAL_TIM_PeriodElapsedCallback  main.o
    0x08001908   0x08001908   0x00000002   Code   RO          690    i.HAL_TIM_TriggerCallback  stm32f1xx_hal_tim.o
    0x0800190a   0x0800190a   0x00000002   Code   RO         2559    i.HAL_UARTEx_RxEventCallback  stm32f1xx_hal_uart.o
    0x0800190c   0x0800190c   0x00000002   Code   RO         2573    i.HAL_UART_ErrorCallback  stm32f1xx_hal_uart.o
    0x0800190e   0x0800190e   0x00000002   PAD
    0x08001910   0x08001910   0x0000026c   Code   RO         2576    i.HAL_UART_IRQHandler  stm32f1xx_hal_uart.o
    0x08001b7c   0x08001b7c   0x00000064   Code   RO         2577    i.HAL_UART_Init     stm32f1xx_hal_uart.o
    0x08001be0   0x08001be0   0x00000080   Code   RO          381    i.HAL_UART_MspInit  usart.o
    0x08001c60   0x08001c60   0x0000001c   Code   RO         2582    i.HAL_UART_Receive_IT  stm32f1xx_hal_uart.o
    0x08001c7c   0x08001c7c   0x0000002c   Code   RO           15    i.HAL_UART_RxCpltCallback  main.o
    0x08001ca8   0x08001ca8   0x00000002   Code   RO         2588    i.HAL_UART_TxCpltCallback  stm32f1xx_hal_uart.o
    0x08001caa   0x08001caa   0x00000002   Code   RO          424    i.HardFault_Handler  stm32f1xx_it.o
    0x08001cac   0x08001cac   0x00000014   Code   RO           16    i.Light_Set         main.o
    0x08001cc0   0x08001cc0   0x0000008c   Code   RO          242    i.MX_FREERTOS_Init  freertos.o
    0x08001d4c   0x08001d4c   0x000000a4   Code   RO          216    i.MX_GPIO_Init      gpio.o
    0x08001df0   0x08001df0   0x00000068   Code   RO          329    i.MX_TIM2_Init      tim.o
    0x08001e58   0x08001e58   0x00000098   Code   RO          330    i.MX_TIM3_Init      tim.o
    0x08001ef0   0x08001ef0   0x00000038   Code   RO          382    i.MX_USART1_UART_Init  usart.o
    0x08001f28   0x08001f28   0x00000002   Code   RO          425    i.MemManage_Handler  stm32f1xx_it.o
    0x08001f2a   0x08001f2a   0x00000002   PAD
    0x08001f2c   0x08001f2c   0x00000080   Code   RO           17    i.Motor_SetLevel    main.o
    0x08001fac   0x08001fac   0x00000002   Code   RO          426    i.NMI_Handler       stm32f1xx_it.o
    0x08001fae   0x08001fae   0x00000002   PAD
    0x08001fb0   0x08001fb0   0x00000028   Code   RO         2910    i.OLED_Clear        oled.o
    0x08001fd8   0x08001fd8   0x00000064   Code   RO         2911    i.OLED_ClearArea    oled.o
    0x0800203c   0x0800203c   0x0000003a   Code   RO         2920    i.OLED_I2C_SendByte  oled.o
    0x08002076   0x08002076   0x0000001e   Code   RO         2921    i.OLED_I2C_Start    oled.o
    0x08002094   0x08002094   0x00000018   Code   RO         2922    i.OLED_I2C_Stop     oled.o
    0x080020ac   0x080020ac   0x00000098   Code   RO         2923    i.OLED_Init         oled.o
    0x08002144   0x08002144   0x00000022   Code   RO         2929    i.OLED_SetCursor    oled.o
    0x08002166   0x08002166   0x00000002   PAD
    0x08002168   0x08002168   0x0000003c   Code   RO         2931    i.OLED_ShowChar     oled.o
    0x080021a4   0x080021a4   0x000000b0   Code   RO         2934    i.OLED_ShowImage    oled.o
    0x08002254   0x08002254   0x0000002c   Code   RO         2937    i.OLED_ShowString   oled.o
    0x08002280   0x08002280   0x00000028   Code   RO         2938    i.OLED_Update       oled.o
    0x080022a8   0x080022a8   0x00000010   Code   RO         2940    i.OLED_W_SCL        oled.o
    0x080022b8   0x080022b8   0x00000010   Code   RO         2941    i.OLED_W_SDA        oled.o
    0x080022c8   0x080022c8   0x00000022   Code   RO         2942    i.OLED_WriteCommand  oled.o
    0x080022ea   0x080022ea   0x00000030   Code   RO         2943    i.OLED_WriteData    oled.o
    0x0800231a   0x0800231a   0x00000002   PAD
    0x0800231c   0x0800231c   0x000001d4   Code   RO          243    i.OledDisplayTaskEntry  freertos.o
    0x080024f0   0x080024f0   0x0000007c   Code   RO          244    i.SensorCollectTaskEntry  freertos.o
    0x0800256c   0x0800256c   0x0000001a   Code   RO         4311    i.SysTick_Handler   cmsis_os2.o
    0x08002586   0x08002586   0x0000005e   Code   RO           18    i.SystemClock_Config  main.o
    0x080025e4   0x080025e4   0x00000002   Code   RO         3170    i.SystemInit        system_stm32f1xx.o
    0x080025e6   0x080025e6   0x00000002   PAD
    0x080025e8   0x080025e8   0x0000000c   Code   RO          427    i.TIM1_UP_IRQHandler  stm32f1xx_it.o
    0x080025f4   0x080025f4   0x0000000c   Code   RO          428    i.TIM3_IRQHandler   stm32f1xx_it.o
    0x08002600   0x08002600   0x00000078   Code   RO          692    i.TIM_Base_SetConfig  stm32f1xx_hal_tim.o
    0x08002678   0x08002678   0x0000001a   Code   RO          693    i.TIM_CCxChannelCmd  stm32f1xx_hal_tim.o
    0x08002692   0x08002692   0x00000014   Code   RO          703    i.TIM_ETR_SetConfig  stm32f1xx_hal_tim.o
    0x080026a6   0x080026a6   0x00000010   Code   RO          704    i.TIM_ITRx_SetConfig  stm32f1xx_hal_tim.o
    0x080026b6   0x080026b6   0x00000002   PAD
    0x080026b8   0x080026b8   0x00000050   Code   RO          705    i.TIM_OC1_SetConfig  stm32f1xx_hal_tim.o
    0x08002708   0x08002708   0x00000058   Code   RO          706    i.TIM_OC2_SetConfig  stm32f1xx_hal_tim.o
    0x08002760   0x08002760   0x00000058   Code   RO          707    i.TIM_OC3_SetConfig  stm32f1xx_hal_tim.o
    0x080027b8   0x080027b8   0x00000044   Code   RO          708    i.TIM_OC4_SetConfig  stm32f1xx_hal_tim.o
    0x080027fc   0x080027fc   0x00000022   Code   RO          710    i.TIM_TI1_ConfigInputStage  stm32f1xx_hal_tim.o
    0x0800281e   0x0800281e   0x00000024   Code   RO          712    i.TIM_TI2_ConfigInputStage  stm32f1xx_hal_tim.o
    0x08002842   0x08002842   0x00000010   Code   RO         2590    i.UART_DMAAbortOnError  stm32f1xx_hal_uart.o
    0x08002852   0x08002852   0x0000004e   Code   RO         2600    i.UART_EndRxTransfer  stm32f1xx_hal_uart.o
    0x080028a0   0x080028a0   0x000000c2   Code   RO         2602    i.UART_Receive_IT   stm32f1xx_hal_uart.o
    0x08002962   0x08002962   0x00000002   PAD
    0x08002964   0x08002964   0x000000b8   Code   RO         2603    i.UART_SetConfig    stm32f1xx_hal_uart.o
    0x08002a1c   0x08002a1c   0x00000036   Code   RO         2605    i.UART_Start_Receive_IT  stm32f1xx_hal_uart.o
    0x08002a52   0x08002a52   0x00000002   PAD
    0x08002a54   0x08002a54   0x0000000c   Code   RO          429    i.USART1_IRQHandler  stm32f1xx_it.o
    0x08002a60   0x08002a60   0x00000002   Code   RO          430    i.UsageFault_Handler  stm32f1xx_it.o
    0x08002a62   0x08002a62   0x00000002   PAD
    0x08002a64   0x08002a64   0x00000090   Code   RO          245    i.VoiceTaskEntry    freertos.o
    0x08002af4   0x08002af4   0x00000028   Code   RO         5258    i.__0sprintf        mc_w.l(printfa.o)
    0x08002b1c   0x08002b1c   0x00000020   Code   RO         2060    i.__NVIC_SetPriority  stm32f1xx_hal_cortex.o
    0x08002b3c   0x08002b3c   0x0000000e   Code   RO         5386    i.__scatterload_copy  mc_w.l(handlers.o)
    0x08002b4a   0x08002b4a   0x00000002   Code   RO         5387    i.__scatterload_null  mc_w.l(handlers.o)
    0x08002b4c   0x08002b4c   0x0000000e   Code   RO         5388    i.__scatterload_zeroinit  mc_w.l(handlers.o)
    0x08002b5a   0x08002b5a   0x00000002   PAD
    0x08002b5c   0x08002b5c   0x00000184   Code   RO         5263    i._fp_digits        mc_w.l(printfa.o)
    0x08002ce0   0x08002ce0   0x000006dc   Code   RO         5264    i._printf_core      mc_w.l(printfa.o)
    0x080033bc   0x080033bc   0x00000024   Code   RO         5265    i._printf_post_padding  mc_w.l(printfa.o)
    0x080033e0   0x080033e0   0x0000002e   Code   RO         5266    i._printf_pre_padding  mc_w.l(printfa.o)
    0x0800340e   0x0800340e   0x0000000a   Code   RO         5268    i._sputc            mc_w.l(printfa.o)
    0x08003418   0x08003418   0x00000028   Code   RO         4962    i.bsp_delay_us      bsp_dht11.o
    0x08003440   0x08003440   0x00000026   Code   RO           19    i.main              main.o
    0x08003466   0x08003466   0x0000001a   Code   RO         4313    i.osDelay           cmsis_os2.o
    0x08003480   0x08003480   0x00000024   Code   RO         4327    i.osKernelInitialize  cmsis_os2.o
    0x080034a4   0x080034a4   0x00000038   Code   RO         4330    i.osKernelStart     cmsis_os2.o
    0x080034dc   0x080034dc   0x00000052   Code   RO         4350    i.osMutexAcquire    cmsis_os2.o
    0x0800352e   0x0800352e   0x00000068   Code   RO         4353    i.osMutexNew        cmsis_os2.o
    0x08003596   0x08003596   0x00000042   Code   RO         4354    i.osMutexRelease    cmsis_os2.o
    0x080035d8   0x080035d8   0x0000008a   Code   RO         4372    i.osThreadNew       cmsis_os2.o
    0x08003662   0x08003662   0x00000002   PAD
    0x08003664   0x08003664   0x0000005c   Code   RO         3772    i.prvAddCurrentTaskToDelayedList  tasks.o
    0x080036c0   0x080036c0   0x000000d0   Code   RO         3773    i.prvAddNewTaskToReadyList  tasks.o
    0x08003790   0x08003790   0x00000058   Code   RO         4137    i.prvCheckForValidListAndQueue  timers.o
    0x080037e8   0x080037e8   0x00000026   Code   RO         3375    i.prvCopyDataFromQueue  queue.o
    0x0800380e   0x0800380e   0x0000006c   Code   RO         3376    i.prvCopyDataToQueue  queue.o
    0x0800387a   0x0800387a   0x00000034   Code   RO         3774    i.prvDeleteTCB      tasks.o
    0x080038ae   0x080038ae   0x00000002   PAD
    0x080038b0   0x080038b0   0x0000004c   Code   RO         4824    i.prvHeapInit       heap_4.o
    0x080038fc   0x080038fc   0x00000060   Code   RO         3775    i.prvIdleTask       tasks.o
    0x0800395c   0x0800395c   0x00000016   Code   RO         3377    i.prvInitialiseMutex  queue.o
    0x08003972   0x08003972   0x00000002   PAD
    0x08003974   0x08003974   0x00000022   Code   RO         3378    i.prvInitialiseNewQueue  queue.o
    0x08003996   0x08003996   0x00000002   PAD
    0x08003998   0x08003998   0x000000b0   Code   RO         3776    i.prvInitialiseNewTask  tasks.o
    0x08003a48   0x08003a48   0x0000004c   Code   RO         4825    i.prvInsertBlockIntoFreeList  heap_4.o
    0x08003a94   0x08003a94   0x00000038   Code   RO         4139    i.prvInsertTimerInActiveList  timers.o
    0x08003acc   0x08003acc   0x0000001c   Code   RO         3379    i.prvIsQueueEmpty   queue.o
    0x08003ae8   0x08003ae8   0x000000fc   Code   RO         4140    i.prvProcessReceivedCommands  timers.o
    0x08003be4   0x08003be4   0x000000c0   Code   RO         4141    i.prvProcessTimerOrBlockTask  timers.o
    0x08003ca4   0x08003ca4   0x00000020   Code   RO         3778    i.prvResetNextTaskUnblockTime  tasks.o
    0x08003cc4   0x08003cc4   0x00000028   Code   RO         4142    i.prvSampleTimeNow  timers.o
    0x08003cec   0x08003cec   0x0000006c   Code   RO         4143    i.prvSwitchTimerLists  timers.o
    0x08003d58   0x08003d58   0x00000028   Code   RO         4880    i.prvTaskExitError  port.o
    0x08003d80   0x08003d80   0x00000024   Code   RO         4144    i.prvTimerTask      timers.o
    0x08003da4   0x08003da4   0x0000006a   Code   RO         3380    i.prvUnlockQueue    queue.o
    0x08003e0e   0x08003e0e   0x00000002   PAD
    0x08003e10   0x08003e10   0x000000dc   Code   RO         4826    i.pvPortMalloc      heap_4.o
    0x08003eec   0x08003eec   0x00000018   Code   RO         3781    i.pvTaskIncrementMutexHeldCount  tasks.o
    0x08003f04   0x08003f04   0x00000024   Code   RO         4881    i.pxPortInitialiseStack  port.o
    0x08003f28   0x08003f28   0x00000026   Code   RO         3335    i.uxListRemove      list.o
    0x08003f4e   0x08003f4e   0x00000002   PAD
    0x08003f50   0x08003f50   0x00000014   Code   RO         4384    i.vApplicationGetIdleTaskMemory  cmsis_os2.o
    0x08003f64   0x08003f64   0x00000018   Code   RO         4385    i.vApplicationGetTimerTaskMemory  cmsis_os2.o
    0x08003f7c   0x08003f7c   0x00000016   Code   RO         3336    i.vListInitialise   list.o
    0x08003f92   0x08003f92   0x00000006   Code   RO         3337    i.vListInitialiseItem  list.o
    0x08003f98   0x08003f98   0x00000030   Code   RO         3338    i.vListInsert       list.o
    0x08003fc8   0x08003fc8   0x00000018   Code   RO         3339    i.vListInsertEnd    list.o
    0x08003fe0   0x08003fe0   0x00000040   Code   RO         4883    i.vPortEnterCritical  port.o
    0x08004020   0x08004020   0x00000028   Code   RO         4884    i.vPortExitCritical  port.o
    0x08004048   0x08004048   0x00000064   Code   RO         4827    i.vPortFree         heap_4.o
    0x080040ac   0x080040ac   0x00000024   Code   RO         4885    i.vPortSetupTimerInterrupt  port.o
    0x080040d0   0x080040d0   0x00000054   Code   RO         4886    i.vPortValidateInterruptPriority  port.o
    0x08004124   0x08004124   0x00000028   Code   RO         3386    i.vQueueAddToRegistry  queue.o
    0x0800414c   0x0800414c   0x00000044   Code   RO         3390    i.vQueueWaitForMessageRestricted  queue.o
    0x08004190   0x08004190   0x0000004c   Code   RO         3791    i.vTaskDelay        tasks.o
    0x080041dc   0x080041dc   0x00000010   Code   RO         3796    i.vTaskInternalSetTimeOutState  tasks.o
    0x080041ec   0x080041ec   0x0000000c   Code   RO         3797    i.vTaskMissedYield  tasks.o
    0x080041f8   0x080041f8   0x00000030   Code   RO         3799    i.vTaskPlaceOnEventList  tasks.o
    0x08004228   0x08004228   0x00000038   Code   RO         3800    i.vTaskPlaceOnEventListRestricted  tasks.o
    0x08004260   0x08004260   0x00000090   Code   RO         3802    i.vTaskPriorityDisinheritAfterTimeout  tasks.o
    0x080042f0   0x080042f0   0x00000088   Code   RO         3808    i.vTaskStartScheduler  tasks.o
    0x08004378   0x08004378   0x00000010   Code   RO         3810    i.vTaskSuspendAll   tasks.o
    0x08004388   0x08004388   0x00000064   Code   RO         3811    i.vTaskSwitchContext  tasks.o
    0x080043ec   0x080043ec   0x000000a8   Code   RO         4887    i.xPortStartScheduler  port.o
    0x08004494   0x08004494   0x0000002c   Code   RO         4888    i.xPortSysTickHandler  port.o
    0x080044c0   0x080044c0   0x00000016   Code   RO         3393    i.xQueueCreateMutex  queue.o
    0x080044d6   0x080044d6   0x0000001a   Code   RO         3394    i.xQueueCreateMutexStatic  queue.o
    0x080044f0   0x080044f0   0x00000042   Code   RO         3395    i.xQueueGenericCreate  queue.o
    0x08004532   0x08004532   0x00000066   Code   RO         3396    i.xQueueGenericCreateStatic  queue.o
    0x08004598   0x08004598   0x00000088   Code   RO         3397    i.xQueueGenericReset  queue.o
    0x08004620   0x08004620   0x00000160   Code   RO         3398    i.xQueueGenericSend  queue.o
    0x08004780   0x08004780   0x000000be   Code   RO         3399    i.xQueueGenericSendFromISR  queue.o
    0x0800483e   0x0800483e   0x0000003e   Code   RO         3403    i.xQueueGiveMutexRecursive  queue.o
    0x0800487c   0x0800487c   0x00000138   Code   RO         3408    i.xQueueReceive     queue.o
    0x080049b4   0x080049b4   0x00000178   Code   RO         3410    i.xQueueSemaphoreTake  queue.o
    0x08004b2c   0x08004b2c   0x00000040   Code   RO         3411    i.xQueueTakeMutexRecursive  queue.o
    0x08004b6c   0x08004b6c   0x00000074   Code   RO         3813    i.xTaskCheckForTimeOut  tasks.o
    0x08004be0   0x08004be0   0x0000005a   Code   RO         3814    i.xTaskCreate       tasks.o
    0x08004c3a   0x08004c3a   0x00000056   Code   RO         3815    i.xTaskCreateStatic  tasks.o
    0x08004c90   0x08004c90   0x0000000c   Code   RO         3818    i.xTaskGetCurrentTaskHandle  tasks.o
    0x08004c9c   0x08004c9c   0x0000001c   Code   RO         3819    i.xTaskGetSchedulerState  tasks.o
    0x08004cb8   0x08004cb8   0x0000000c   Code   RO         3820    i.xTaskGetTickCount  tasks.o
    0x08004cc4   0x08004cc4   0x000000c8   Code   RO         3822    i.xTaskIncrementTick  tasks.o
    0x08004d8c   0x08004d8c   0x00000080   Code   RO         3825    i.xTaskPriorityDisinherit  tasks.o
    0x08004e0c   0x08004e0c   0x00000078   Code   RO         3826    i.xTaskPriorityInherit  tasks.o
    0x08004e84   0x08004e84   0x00000070   Code   RO         3827    i.xTaskRemoveFromEventList  tasks.o
    0x08004ef4   0x08004ef4   0x000000c4   Code   RO         3828    i.xTaskResumeAll    tasks.o
    0x08004fb8   0x08004fb8   0x00000060   Code   RO         4153    i.xTimerCreateTimerTask  timers.o
    0x08005018   0x08005018   0x00000068   Code   RO         4154    i.xTimerGenericCommand  timers.o
    0x08005080   0x08005080   0x000000b4   Data   RO          246    .constdata          freertos.o
    0x08005134   0x08005134   0x00000012   Data   RO         1758    .constdata          stm32f1xx_hal_rcc.o
    0x08005146   0x08005146   0x000005f0   Data   RO         3152    .constdata          oled_data.o
    0x08005736   0x08005736   0x0000023a   Data   RO         3153    .constdata          oled_data.o
    0x08005970   0x08005970   0x00000010   Data   RO         3171    .constdata          system_stm32f1xx.o
    0x08005980   0x08005980   0x00000008   Data   RO         3172    .constdata          system_stm32f1xx.o
    0x08005988   0x08005988   0x0000004c   Data   RO          247    .conststring        freertos.o
    0x080059d4   0x080059d4   0x00000020   Data   RO         5384    Region$$Table       anon$$obj.o


    Execution Region RW_IRAM1 (Exec base: 0x20000000, Load base: 0x080059f4, Size: 0x00004730, Max: 0x00005000, ABSOLUTE, COMPRESSED[0x00000018])

    Exec Addr    Load Addr    Size         Type   Attr      Idx    E Section Name        Object

    0x20000000   COMPRESSED   0x00000004   Data   RW           20    .data               main.o
    0x20000004   COMPRESSED   0x00000004   Data   RW           21    .data               main.o
    0x20000008   COMPRESSED   0x00000080   Data   RW           22    .data               main.o
    0x20000088   COMPRESSED   0x00000002   Data   RW           23    .data               main.o
    0x2000008a   COMPRESSED   0x00000002   PAD
    0x2000008c   COMPRESSED   0x00000004   Data   RW           24    .data               main.o
    0x20000090   COMPRESSED   0x00000004   Data   RW           25    .data               main.o
    0x20000094   COMPRESSED   0x00000014   Data   RW          248    .data               freertos.o
    0x200000a8   COMPRESSED   0x0000000c   Data   RW         1595    .data               stm32f1xx_hal.o
    0x200000b4   COMPRESSED   0x00000004   Data   RW         3173    .data               system_stm32f1xx.o
    0x200000b8   COMPRESSED   0x0000003c   Data   RW         3831    .data               tasks.o
    0x200000f4   COMPRESSED   0x00000014   Data   RW         4162    .data               timers.o
    0x20000108   COMPRESSED   0x00000004   Data   RW         4387    .data               cmsis_os2.o
    0x2000010c   COMPRESSED   0x00000020   Data   RW         4833    .data               heap_4.o
    0x2000012c   COMPRESSED   0x0000000c   Data   RW         4889    .data               port.o
    0x20000138        -       0x00000090   Zero   RW          331    .bss                tim.o
    0x200001c8        -       0x00000048   Zero   RW          383    .bss                usart.o
    0x20000210        -       0x00000048   Zero   RW          525    .bss                stm32f1xx_hal_timebase_tim.o
    0x20000258        -       0x00000400   Zero   RW         2945    .bss                oled.o
    0x20000658        -       0x00000040   Zero   RW         3412    .bss                queue.o
    0x20000698        -       0x000004c4   Zero   RW         3830    .bss                tasks.o
    0x20000b5c        -       0x00000118   Zero   RW         4161    .bss                timers.o
    0x20000c74        -       0x000006b8   Zero   RW         4386    .bss                cmsis_os2.o
    0x2000132c        -       0x00003000   Zero   RW         4832    .bss                heap_4.o
    0x2000432c   COMPRESSED   0x00000004   PAD
    0x20004330        -       0x00000400   Zero   RW            1    STACK               startup_stm32f103xb.o


==============================================================================

Image component sizes


      Code (inc. data)   RO Data    RW Data    ZI Data      Debug   Object Name

       336         18          0          0          0       3289   bsp_dht11.o
       578         22          0          4       1720      61162   cmsis_os2.o
         0          0          0          0          0      19524   event_groups.o
      1024        306        256         20          0       6807   freertos.o
       164         12          0          0          0        899   gpio.o
       472         24          0         32      12288       4655   heap_4.o
       138          0          0          0          0       3290   list.o
       348         32          0        146          0     441045   main.o
       872         44          0          0       1024       9430   oled.o
         0          0       2090          0          0        593   oled_data.o
       662         70          0         12          0      10525   port.o
      2152         24          0          0         64      23036   queue.o
        36          8        236          0       1024        784   startup_stm32f103xb.o
       100         18          0         12          0       5122   stm32f1xx_hal.o
       158         14          0          0          0      28098   stm32f1xx_hal_cortex.o
       222          4          0          0          0       1719   stm32f1xx_hal_dma.o
       500         34          0          0          0       3447   stm32f1xx_hal_gpio.o
        72         10          0          0          0        834   stm32f1xx_hal_msp.o
      1304         94         18          0          0       5625   stm32f1xx_hal_rcc.o
      1856         70          0          0          0      16939   stm32f1xx_hal_tim.o
       108         12          0          0          0       2337   stm32f1xx_hal_tim_ex.o
       140         22          0          0         72       1375   stm32f1xx_hal_timebase_tim.o
      1280         10          0          0          0       8628   stm32f1xx_hal_uart.o
        48         18          0          0          0       3740   stm32f1xx_it.o
         2          0         24          4          0       1067   system_stm32f1xx.o
      2384        198          0         60       1220      28677   tasks.o
       412         38          0          0        144       2905   tim.o
       972         80          0         20        280      31747   timers.o
       184         20          0          0         72       1622   usart.o

    ----------------------------------------------------------------------
     16568       1202       2656        312      17912     728921   Object Totals
         0          0         32          0          0          0   (incl. Generated)
        44          0          0          2          4          0   (incl. Padding)

    ----------------------------------------------------------------------

      Code (inc. data)   RO Data    RW Data    ZI Data      Debug   Library Member Name

        58          0          0          0          0          0   __dczerorl.o
         0          0          0          0          0          0   entry.o
         0          0          0          0          0          0   entry10a.o
         0          0          0          0          0          0   entry11a.o
         8          4          0          0          0          0   entry2.o
         4          0          0          0          0          0   entry5.o
         0          0          0          0          0          0   entry7b.o
         0          0          0          0          0          0   entry8b.o
         8          4          0          0          0          0   entry9a.o
        30          0          0          0          0          0   handlers.o
        36          8          0          0          0         68   init.o
         0          0          0          0          0          0   iusefp.o
        30          0          0          0          0         68   llshl.o
        36          0          0          0          0         68   llsshr.o
        32          0          0          0          0         68   llushr.o
        36          0          0          0          0         68   memcpya.o
        36          0          0          0          0        108   memseta.o
      2276         86          0          0          0        520   printfa.o
        44          0          0          0          0         80   uidiv.o
        98          0          0          0          0         92   uldiv.o
        48          0          0          0          0         68   cdrcmple.o
       334          0          0          0          0        148   dadd.o
       222          0          0          0          0        100   ddiv.o
       186          0          0          0          0        176   depilogue.o
        48          0          0          0          0         68   dfixul.o
       228          0          0          0          0         96   dmul.o

    ----------------------------------------------------------------------
      3804        102          0          0          0       1796   Library Totals
         6          0          0          0          0          0   (incl. Padding)

    ----------------------------------------------------------------------

      Code (inc. data)   RO Data    RW Data    ZI Data      Debug   Library Name

      2732        102          0          0          0       1140   mc_w.l
      1066          0          0          0          0        656   mf_w.l

    ----------------------------------------------------------------------
      3804        102          0          0          0       1796   Library Totals

    ----------------------------------------------------------------------

==============================================================================


      Code (inc. data)   RO Data    RW Data    ZI Data      Debug   

     20372       1304       2656        312      17912     720289   Grand Totals
     20372       1304       2656         24      17912     720289   ELF Image Totals (compressed)
     20372       1304       2656         24          0          0   ROM Totals

==============================================================================

    Total RO  Size (Code + RO Data)                23028 (  22.49kB)
    Total RW  Size (RW Data + ZI Data)             18224 (  17.80kB)
    Total ROM Size (Code + RO Data + RW Data)      23052 (  22.51kB)

==============================================================================

